ASxxxx Linker V03.00 + NoICE + sdld,  page 1.
Hexadecimal  [32-Bits]

Area                                    Addr        Size        Decimal Bytes (Attributes)
--------------------------------        ----        ----        ------- ----- ------------
.  .ABS.                            00000000    00000000 =           0. bytes (ABS,CON)

      Value  Global                              Global Defined In Module
      -----  --------------------------------   ------------------------
     00000000  .__.ABS.                           
     00000000  _rRAMG                             
     00000000  l__CABS                         
     00000000  l__CODE_0                       
     00000000  l__DABS                         
     00000000  l__HEADER                       
     00000000  l__HEADER_LCD                   
     00000000  l__HEADER_SIO                   
     00000000  l__HEADER_TIMER                 
     00000000  l__HEAP                         
     00000000  l__HRAM                         
     00000000  l__LIT                          
     00000000  s__CABS                         
     00000000  s__DABS                         
     00000000  s__HEADER                       
     00000000  s__HEADER0                      
     00000000  s__HEADER1                      
     00000000  s__HEADER10                     
     00000000  s__HEADER11                     
     00000000  s__HEADER2                      
     00000000  s__HEADER3                      
     00000000  s__HEADER4                      
     00000000  s__HEADER5                      
     00000000  s__HEADER6                      
     00000000  s__HEADER7                      
     00000000  s__HEADER8                      
     00000000  s__HEADER9                      
     00000000  s__HEADER_LCD                   
     00000000  s__HEADER_LCD0                  
     00000000  s__HEADER_SIO                   
     00000000  s__HEADER_SIO0                  
     00000000  s__HEADER_TIMER                 
     00000000  s__HEADER_TIMER0                
     00000000  s__HEADERa                      
     00000000  s__HEADERb                      
     00000000  s__HEADERc                      
     00000000  s__HEADERd                      
     00000000  s__HEADERe                      
     00000000  s__HEADERf                      
     00000000  s__HRAM                         
     00000000  s__HRAM12                       
     00000001  b_activate_actor                   actor
     00000001  b_activate_actors_in_col           actor
     00000001  b_activate_actors_in_row           actor
     00000001  b_actor_at_tile                    actor
     00000001  b_actor_get_frame_offset           actor
     00000001  b_actor_in_front_of_player         actor
     00000001  b_actor_overlapping_bb             actor
     00000001  b_actor_overlapping_player         actor
     00000001  b_actor_set_anim_idle              actor
ASxxxx Linker V03.00 + NoICE + sdld,  page 2.
Hexadecimal  [32-Bits]

Area                                    Addr        Size        Decimal Bytes (Attributes)
--------------------------------        ----        ----        ------- ----- ------------
.  .ABS.                            00000000    00000000 =           0. bytes (ABS,CON)

      Value  Global                              Global Defined In Module
      -----  --------------------------------   ------------------------
     00000001  b_actor_set_anim_moving            actor
     00000001  b_actor_set_dir                    actor
     00000001  b_actor_set_frame_offset           actor
     00000001  b_actor_set_frames                 actor
     00000001  b_actors_handle_player_collision   actor
     00000001  b_actors_init                      actor
     00000001  b_camera_init                      camera
     00000001  b_camera_reset                     camera
     00000001  b_check_collision_in_direction     actor
     00000001  b_deactivate_actor                 actor
     00000001  b_parallax_init                    parallax
     00000001  b_player_init                      actor
     00000001  b_remove_LCD_ISRs                  interrupts
     00000001  b_scroll_init                      scroll
     00000001  b_scroll_repaint                   scroll
     00000001  b_scroll_reset                     scroll
     00000001  b_scroll_update                    scroll
     00000001  b_ui_draw_frame                    ui
     00000001  b_ui_draw_text_buffer_char         ui
     00000001  b_ui_init                          ui
     00000001  b_ui_load_tiles                    ui
     00000001  b_ui_run_menu                      ui
     00000001  b_ui_run_modal                     ui
     00000001  l__GSFINAL                      
     00000001  l__HEADER0                      
     00000001  l__HEADER11                     
     00000001  l__HEADER9                      
     00000001  l__HEADERa                      
     00000001  l__HEADERb                      
     00000001  l__HEADERd                      
     00000001  l__HEADERe                      
     00000002  b_camera_shake_frames              vm_camera
     00000002  b_itoa_fmt                         vm_ui_a
     00000002  b_script_execute                   vm
     00000002  b_script_runner_init               vm
     00000002  b_script_terminate                 vm
     00000002  b_scroll_rect                      
     00000002  b_vm_actor_activate                vm_actor
     00000002  b_vm_actor_deactivate              vm_actor
     00000002  b_vm_actor_emote                   vm_actor
     00000002  b_vm_actor_get_angle               vm_actor
     00000002  b_vm_actor_get_anim_frame          vm_actor
     00000002  b_vm_actor_get_dir                 vm_actor
     00000002  b_vm_actor_get_pos                 vm_actor
     00000002  b_vm_actor_move_to                 vm_actor
     00000002  b_vm_actor_replace_tile            vm_actor
     00000002  b_vm_actor_set_anim                vm_actor
     00000002  b_vm_actor_set_anim_frame          vm_actor
     00000002  b_vm_actor_set_anim_set            vm_actor
     00000002  b_vm_actor_set_anim_tick           vm_actor
     00000002  b_vm_actor_set_bounds              vm_actor
ASxxxx Linker V03.00 + NoICE + sdld,  page 3.
Hexadecimal  [32-Bits]

Area                                    Addr        Size        Decimal Bytes (Attributes)
--------------------------------        ----        ----        ------- ----- ------------
.  .ABS.                            00000000    00000000 =           0. bytes (ABS,CON)

      Value  Global                              Global Defined In Module
      -----  --------------------------------   ------------------------
     00000002  b_vm_actor_set_coll_enabled        vm_actor
     00000002  b_vm_actor_set_dir                 vm_actor
     00000002  b_vm_actor_set_hidden              vm_actor
     00000002  b_vm_actor_set_move_speed          vm_actor
     00000002  b_vm_actor_set_pos                 vm_actor
     00000002  b_vm_actor_set_spritesheet         vm_actor
     00000002  b_vm_actor_terminate_update        vm_actor
     00000002  b_vm_call                          vm
     00000002  b_vm_call_far                      vm
     00000002  b_vm_call_rel                      vm
     00000002  b_vm_camera_move_to                vm_camera
     00000002  b_vm_camera_set_pos                vm_camera
     00000002  b_vm_choice                        vm_ui
     00000002  b_vm_context_prepare               vm_gameboy
     00000002  b_vm_cos_scale                     vm_math
     00000002  b_vm_display_text                  vm_ui
     00000002  b_vm_fade_in                       vm_gameboy
     00000002  b_vm_fade_out                      vm_gameboy
     00000002  b_vm_get_indirect                  vm
     00000002  b_vm_get_int16                     vm
     00000002  b_vm_get_int8                      vm
     00000002  b_vm_get_tile_xy                   vm_gameboy
     00000002  b_vm_get_tlocal                    vm
     00000002  b_vm_get_uint8                     vm
     00000002  b_vm_hide_sprites                  vm_gameboy
     00000002  b_vm_idle                          vm
     00000002  b_vm_if                            vm
     00000002  b_vm_if_const                      vm
     00000002  b_vm_input_attach                  vm_gameboy
     00000002  b_vm_input_detach                  vm_gameboy
     00000002  b_vm_input_get                     vm_gameboy
     00000002  b_vm_input_wait                    vm_gameboy
     00000002  b_vm_invoke                        vm
     00000002  b_vm_join                          vm
     00000002  b_vm_jump                          vm
     00000002  b_vm_jump_rel                      vm
     00000002  b_vm_load_cursor                   vm_ui
     00000002  b_vm_load_frame                    vm_ui
     00000002  b_vm_load_palette                  vm_palette
     00000002  b_vm_lock                          vm
     00000002  b_vm_loop                          vm
     00000002  b_vm_loop_rel                      vm
     00000002  b_vm_memcpy                        vm
     00000002  b_vm_memset                        vm
     00000002  b_vm_music_mute                    vm_music
     00000002  b_vm_music_play                    vm_music
     00000002  b_vm_music_routine                 vm_music
     00000002  b_vm_music_setpos                  vm_music
     00000002  b_vm_music_stop                    vm_music
     00000002  b_vm_overlay_clear                 vm_ui
     00000002  b_vm_overlay_hide                  vm_ui
ASxxxx Linker V03.00 + NoICE + sdld,  page 4.
Hexadecimal  [32-Bits]

Area                                    Addr        Size        Decimal Bytes (Attributes)
--------------------------------        ----        ----        ------- ----- ------------
.  .ABS.                            00000000    00000000 =           0. bytes (ABS,CON)

      Value  Global                              Global Defined In Module
      -----  --------------------------------   ------------------------
     00000002  b_vm_overlay_move_to               vm_ui
     00000002  b_vm_overlay_scroll                vm_ui
     00000002  b_vm_overlay_set_scroll            vm_ui
     00000002  b_vm_overlay_set_submap            vm_ui
     00000002  b_vm_overlay_setpos                vm_ui
     00000002  b_vm_overlay_show                  vm_ui
     00000002  b_vm_overlay_wait                  vm_ui
     00000002  b_vm_poll                          vm_gameboy
     00000002  b_vm_poll_loaded                   vm
     00000002  b_vm_pop                           vm
     00000002  b_vm_projectile_launch             vm_projectiles
     00000002  b_vm_push                          vm
     00000002  b_vm_push_reference                vm
     00000002  b_vm_push_value                    vm
     00000002  b_vm_push_value_ind                vm
     00000002  b_vm_raise                         vm
     00000002  b_vm_rand                          vm
     00000002  b_vm_randomize                     vm
     00000002  b_vm_replace_tile                  vm_gameboy
     00000002  b_vm_replace_tile_xy               vm_gameboy
     00000002  b_vm_reserve                       vm
     00000002  b_vm_ret                           vm
     00000002  b_vm_ret_far                       vm
     00000002  b_vm_rtc_get                       vm_rtc
     00000002  b_vm_rtc_latch                     vm_rtc
     00000002  b_vm_rtc_set                       vm_rtc
     00000002  b_vm_rtc_start                     vm_rtc
     00000002  b_vm_rumble                        vm_gameboy
     00000002  b_vm_save_clear                    vm_load_save
     00000002  b_vm_save_peek                     vm_load_save
     00000002  b_vm_scene_pop                     vm_scene
     00000002  b_vm_scene_pop_all                 vm_scene
     00000002  b_vm_scene_push                    vm_scene
     00000002  b_vm_scene_stack_reset             vm_scene
     00000002  b_vm_set                           vm
     00000002  b_vm_set_const                     vm
     00000002  b_vm_set_const_int16               vm
     00000002  b_vm_set_const_int8                vm
     00000002  b_vm_set_font                      vm_ui
     00000002  b_vm_set_indirect                  vm
     00000002  b_vm_set_int16                     vm
     00000002  b_vm_set_int8                      vm
     00000002  b_vm_set_print_dir                 vm_ui
     00000002  b_vm_set_sprite_mode               vm_gameboy
     00000002  b_vm_set_uint8                     vm
     00000002  b_vm_show_sprites                  vm_gameboy
     00000002  b_vm_sin_scale                     vm_math
     00000002  b_vm_sio_exchange                  vm_sio
     00000002  b_vm_sio_set_mode                  vm_sio
     00000002  b_vm_sound_mastervol               vm_music
     00000002  b_vm_sound_play                    vm_music
ASxxxx Linker V03.00 + NoICE + sdld,  page 5.
Hexadecimal  [32-Bits]

Area                                    Addr        Size        Decimal Bytes (Attributes)
--------------------------------        ----        ----        ------- ----- ------------
.  .ABS.                            00000000    00000000 =           0. bytes (ABS,CON)

      Value  Global                              Global Defined In Module
      -----  --------------------------------   ------------------------
     00000002  b_vm_switch_text_layer             vm_ui
     00000002  b_vm_systime                       vm
     00000002  b_vm_terminate                     vm
     00000002  b_vm_test_terminate                vm
     00000002  b_vm_timer_prepare                 vm_gameboy
     00000002  b_vm_timer_reset                   vm_gameboy
     00000002  b_vm_timer_set                     vm_gameboy
     00000002  b_vm_timer_stop                    vm_gameboy
     00000002  b_vm_unlock                        vm
     00000002  b_vm_wave_play                     vm_music
     00000002  b_wait_frames                      vm
     00000002  l__HEADER5                      
     00000002  l__HEADERc                      
     00000002  l__HEADERf                      
     00000003  b_adventure_init                   adventure
     00000003  b_adventure_update                 adventure
     00000003  b_logo_init                        logo
     00000003  b_logo_update                      logo
     00000003  b_platform_init                    platform
     00000003  b_platform_update                  platform
     00000003  b_pointnclick_init                 pointnclick
     00000003  b_pointnclick_update               pointnclick
     00000003  b_shmup_init                       shmup
     00000003  b_shmup_update                     shmup
     00000003  b_topdown_init                     topdown
     00000003  b_topdown_update                   topdown
     00000003  l__HEADER8                      
     00000003  l__HEADER_LCD0                  
     00000003  l__HRAM12                       
     00000004  b_SIO_init                         sio
     00000004  b_core_reset                       core
     00000004  b_core_run                         core
     00000004  b_data_clear                       load_save
     00000004  b_data_init                        load_save
     00000004  b_data_load                        load_save
     00000004  b_data_peek                        load_save
     00000004  b_data_save                        load_save
     00000004  b_do_load_palette                  data_manager
     00000004  b_events_init                      events
     00000004  b_fade_applypalettechange          fade_manager
     00000004  b_fade_in                          fade_manager
     00000004  b_fade_in_modal                    fade_manager
     00000004  b_fade_init                        fade_manager
     00000004  b_fade_out                         fade_manager
     00000004  b_fade_out_modal                   fade_manager
     00000004  b_fade_setspeed                    fade_manager
     00000004  b_fade_update                      fade_manager
     00000004  b_input_init                       input
     00000004  b_load_background                  data_manager
     00000004  b_load_bkg_tileset                 data_manager
     00000004  b_load_bounds                      data_manager
ASxxxx Linker V03.00 + NoICE + sdld,  page 6.
Hexadecimal  [32-Bits]

Area                                    Addr        Size        Decimal Bytes (Attributes)
--------------------------------        ----        ----        ------- ----- ------------
.  .ABS.                            00000000    00000000 =           0. bytes (ABS,CON)

      Value  Global                              Global Defined In Module
      -----  --------------------------------   ------------------------
     00000004  b_load_emote                       data_manager
     00000004  b_load_init                        data_manager
     00000004  b_load_player                      data_manager
     00000004  b_load_scene                       data_manager
     00000004  b_load_sprite                      data_manager
     00000004  b_music_events_poll                music_manager
     00000004  b_music_init                       music_manager
     00000004  b_music_stop                       music_manager
     00000004  b_palette_init                     palette
     00000004  b_projectile_launch                projectiles
     00000004  b_projectiles_init                 projectiles
     00000004  b_restore_sram                     flasher
     00000004  b_restore_sram_bank                flasher
     00000004  b_save_sram                        flasher
     00000004  b_set_sample                       sample_player
     00000004  b_set_sgb_border                   sgb_border
     00000004  b_sound_init                       music_manager
     00000004  b_sound_play                       music_manager
     00000004  b_timers_init                      events
     00000004  b_trigger_activate_at              trigger
     00000004  b_trigger_activate_at_intersecti   trigger
     00000004  b_trigger_at_intersection          trigger
     00000004  b_trigger_at_tile                  trigger
     00000004  b_trigger_interact                 trigger
     00000004  b_trigger_reset                    trigger
     00000004  b_wave_play                        music_manager
     00000004  l__HEADER_SIO0                  
     00000004  l__HEADER_TIMER0                
     00000005  ___bank_palette_0                  palette_0
     00000005  ___bank_scene_23_collisions        scene_23_collisions
     00000005  ___bank_scene_56_collisions        scene_56_collisions
     00000005  ___bank_spritesheet_14             spritesheet_14
     00000005  l__HEADER1                      
     00000006  ___bank_scene_10_sprites           scene_10_sprites
     00000006  ___bank_tilemap_86                 tilemap_86
     00000006  ___bank_tilemap_9                  tilemap_9
     00000006  ___bank_tileset_21                 tileset_21
     00000006  l__HEADER7                      
     00000007  ___bank_background_0               background_0
     00000007  ___bank_scene_57_collisions        scene_57_collisions
     00000007  ___bank_tilemap_10                 tilemap_10
     00000007  ___bank_tileset_46                 tileset_46
     00000007  l__HEADER2                      
     00000008  ___bank_background_1               background_1
     00000008  ___bank_scene_51_collisions        scene_51_collisions
     00000008  ___bank_scene_52_collisions        scene_52_collisions
     00000008  ___bank_tileset_18                 tileset_18
     00000008  l__HEADER3                      
     00000009  ___bank_scene_104_triggers         scene_104_triggers
     00000009  ___bank_scene_62_collisions        scene_62_collisions
     00000009  ___bank_tilemap_23                 tilemap_23
ASxxxx Linker V03.00 + NoICE + sdld,  page 7.
Hexadecimal  [32-Bits]

Area                                    Addr        Size        Decimal Bytes (Attributes)
--------------------------------        ----        ----        ------- ----- ------------
.  .ABS.                            00000000    00000000 =           0. bytes (ABS,CON)

      Value  Global                              Global Defined In Module
      -----  --------------------------------   ------------------------
     00000009  ___bank_tilemap_5                  tilemap_5
     0000000A  ___bank_scene_14_collisions        scene_14_collisions
     0000000A  ___bank_scene_22_collisions        scene_22_collisions
     0000000A  ___bank_scene_6_triggers           scene_6_triggers
     0000000A  ___bank_tilemap_110                tilemap_110
     0000000B  ___bank_background_10              background_10
     0000000B  ___bank_scene_11_collisions        scene_11_collisions
     0000000B  ___bank_script_s123_init           
     0000000B  ___bank_tileset_11                 tileset_11
     0000000B  ___bank_tileset_12                 tileset_12
     0000000C  ___bank_cursor_image               cursor_image
     0000000C  ___bank_scene_9_collisions         scene_9_collisions
     0000000C  ___bank_script_s132_init           
     0000000C  ___bank_script_s7a1_interact       
     0000000C  ___bank_tileset_33                 tileset_33
     0000000C  ___bank_tileset_34                 tileset_34
     0000000D  ___bank_script_input_0             
     0000000D  ___bank_spritesheet_25             spritesheet_25
     0000000D  ___bank_tilemap_119                tilemap_119
     0000000D  ___bank_tileset_45                 tileset_45
     0000000D  ___bank_tileset_48                 tileset_48
     0000000D  l__INITIALIZED                  
     0000000D  l__INITIALIZER                  
     0000000E  ___bank_scene_0_collisions         scene_0_collisions
     0000000E  ___bank_script_s22t0_interact      
     0000000E  ___bank_tilemap_122                tilemap_122
     0000000E  ___bank_tileset_50                 tileset_50
     0000000E  ___bank_tileset_54                 tileset_54
     0000000F  ___bank_scene_18_collisions        scene_18_collisions
     0000000F  ___bank_script_s22t1_interact      
     0000000F  ___bank_tilemap_123                tilemap_123
     0000000F  ___bank_tileset_55                 tileset_55
     0000000F  ___bank_tileset_60                 tileset_60
     00000010  ___bank_scene_58_collisions        scene_58_collisions
     00000010  ___bank_scene_85_collisions        scene_85_collisions
     00000010  ___bank_spritesheet_15             spritesheet_15
     00000010  ___bank_tilemap_61                 tilemap_61
     00000011  ___bank_palette_1                  palette_1
     00000011  ___bank_scene_59_collisions        scene_59_collisions
     00000011  ___bank_script_s5_init             
     00000011  ___bank_tilemap_11                 tilemap_11
     00000011  ___bank_tilemap_12                 tilemap_12
     00000012  ___bank_scene_31_collisions        scene_31_collisions
     00000012  ___bank_scene_55_collisions        scene_55_collisions
     00000012  ___bank_script_s22t3_interact      
     00000012  ___bank_tilemap_79                 tilemap_79
     00000012  ___bank_tileset_10                 tileset_10
     00000013  ___bank_scene_108_triggers         scene_108_triggers
     00000013  ___bank_scene_11_sprites           scene_11_sprites
     00000013  ___bank_scene_70_collisions        scene_70_collisions
     00000013  ___bank_tilemap_71                 tilemap_71
ASxxxx Linker V03.00 + NoICE + sdld,  page 8.
Hexadecimal  [32-Bits]

Area                                    Addr        Size        Decimal Bytes (Attributes)
--------------------------------        ----        ----        ------- ----- ------------
.  .ABS.                            00000000    00000000 =           0. bytes (ABS,CON)

      Value  Global                              Global Defined In Module
      -----  --------------------------------   ------------------------
     00000013  ___bank_tilemap_8                  tilemap_8
     00000013  ___bank_tileset_0                  tileset_0
     00000014  ___bank_scene_101_sprites          scene_101_sprites
     00000014  ___bank_scene_10_collisions        scene_10_collisions
     00000014  ___bank_scene_11_triggers          scene_11_triggers
     00000014  ___bank_scene_7_collisions         scene_7_collisions
     00000014  ___bank_scene_89_collisions        scene_89_collisions
     00000014  ___bank_tileset_1                  tileset_1
     00000014  ___bank_tileset_9                  tileset_9
     00000015  ___bank_scene_104_sprites          scene_104_sprites
     00000015  ___bank_scene_88_collisions        scene_88_collisions
     00000015  ___bank_scene_99_collisions        scene_99_collisions
     00000015  ___bank_tilemap_117                tilemap_117
     00000015  ___bank_tilemap_120                tilemap_120
     00000015  ___bank_tilemap_65                 tilemap_65
     00000016  ___bank_scene_112_sprites          scene_112_sprites
     00000016  ___bank_scene_16_collisions        scene_16_collisions
     00000016  ___bank_scene_17_collisions        scene_17_collisions
     00000016  ___bank_scene_19_collisions        scene_19_collisions
     00000016  ___bank_tilemap_64                 tilemap_64
     00000016  ___bank_tileset_19                 tileset_19
     00000017  ___bank_scene_106_sprites          scene_106_sprites
     00000017  ___bank_scene_21_triggers          scene_21_triggers
     00000017  ___bank_tilemap_111                tilemap_111
     00000017  ___bank_tilemap_113                tilemap_113
     00000017  ___bank_tilemap_114                tilemap_114
     00000017  ___bank_tileset_3                  tileset_3
     00000017  ___bank_tileset_49                 tileset_49
     00000018  ___bank_scene_110_triggers         scene_110_triggers
     00000018  ___bank_scene_69_collisions        scene_69_collisions
     00000018  ___bank_tilemap_70                 tilemap_70
     00000018  ___bank_tileset_15                 tileset_15
     00000018  ___bank_tileset_2                  tileset_2
     00000018  ___bank_tileset_36                 tileset_36
     00000018  ___bank_tileset_76                 tileset_76
     00000019  ___bank_scene_0                    scene_0
     00000019  ___bank_scene_71_collisions        scene_71_collisions
     00000019  ___bank_scene_84_collisions        scene_84_collisions
     00000019  ___bank_tilemap_47                 tilemap_47
     00000019  ___bank_tilemap_60                 tilemap_60
     00000019  ___bank_tileset_14                 tileset_14
     00000019  ___bank_tileset_75                 tileset_75
     0000001A  ___bank_scene_48_collisions        scene_48_collisions
     0000001A  ___bank_scene_70_triggers          scene_70_triggers
     0000001A  ___bank_scene_87_collisions        scene_87_collisions
     0000001A  ___bank_tileset_41                 tileset_41
     0000001A  ___bank_tileset_42                 tileset_42
     0000001A  ___bank_tileset_44                 tileset_44
     0000001A  ___bank_tileset_5                  tileset_5
     0000001B  ___bank_scene_107_sprites          scene_107_sprites
     0000001B  ___bank_scene_118_collisions       scene_118_collisions
ASxxxx Linker V03.00 + NoICE + sdld,  page 9.
Hexadecimal  [32-Bits]

Area                                    Addr        Size        Decimal Bytes (Attributes)
--------------------------------        ----        ----        ------- ----- ------------
.  .ABS.                            00000000    00000000 =           0. bytes (ABS,CON)

      Value  Global                              Global Defined In Module
      -----  --------------------------------   ------------------------
     0000001B  ___bank_scene_32_triggers          scene_32_triggers
     0000001B  ___bank_scene_49_collisions        scene_49_collisions
     0000001B  ___bank_tilemap_20                 tilemap_20
     0000001B  ___bank_tilemap_21                 tilemap_21
     0000001B  ___bank_tileset_35                 tileset_35
     0000001B  ___bank_tileset_57                 tileset_57
     0000001C  ___bank_scene_17_triggers          scene_17_triggers
     0000001C  ___bank_scene_32_collisions        scene_32_collisions
     0000001C  ___bank_scene_78_collisions        scene_78_collisions
     0000001C  ___bank_tilemap_66                 tilemap_66
     0000001C  ___bank_tileset_30                 tileset_30
     0000001C  ___bank_tileset_43                 tileset_43
     0000001C  ___bank_tileset_52                 tileset_52
     0000001D  ___bank_scene_15_collisions        scene_15_collisions
     0000001D  ___bank_script_timer_0             
     0000001D  ___bank_tilemap_124                tilemap_124
     0000001D  ___bank_tileset_31                 tileset_31
     0000001D  ___bank_tileset_37                 tileset_37
     0000001D  ___bank_tileset_38                 tileset_38
     0000001D  ___bank_tileset_53                 tileset_53
     0000001E  ___bank_scene_104_collisions       scene_104_collisions
     0000001E  ___bank_scene_108_collisions       scene_108_collisions
     0000001E  ___bank_script_s102t1_interact     
     0000001E  ___bank_tilemap_0                  tilemap_0
     0000001E  ___bank_tilemap_1                  tilemap_1
     0000001E  ___bank_tilemap_112                tilemap_112
     0000001E  ___bank_tileset_29                 tileset_29
     0000001E  ___bank_tileset_6                  tileset_6
     0000001F  ___bank_scene_22_triggers          scene_22_triggers
     0000001F  ___bank_scene_72_collisions        scene_72_collisions
     0000001F  ___bank_scene_83_collisions        scene_83_collisions
     0000001F  ___bank_tilemap_48                 tilemap_48
     0000001F  ___bank_tilemap_59                 tilemap_59
     0000001F  ___bank_tileset_17                 tileset_17
     0000001F  ___bank_tileset_27                 tileset_27
     0000001F  ___bank_tileset_47                 tileset_47
     00000020  ___bank_scene_10_triggers          scene_10_triggers
     00000020  ___bank_scene_41_collisions        scene_41_collisions
     00000020  ___bank_scene_44_collisions        scene_44_collisions
     00000020  ___bank_scene_45_collisions        scene_45_collisions
     00000020  ___bank_spritesheet_2              spritesheet_2
     00000020  ___bank_tilemap_15                 tilemap_15
     00000020  ___bank_tilemap_17                 tilemap_17
     00000020  ___bank_tilemap_89                 tilemap_89
     00000020  ___bank_tileset_39                 tileset_39
     00000021  ___bank_scene_1                    scene_1
     00000021  ___bank_scene_12_collisions        scene_12_collisions
     00000021  ___bank_scene_27_collisions        scene_27_collisions
     00000021  ___bank_scene_30_collisions        scene_30_collisions
     00000021  ___bank_scene_66_collisions        scene_66_collisions
     00000021  ___bank_tilemap_81                 tilemap_81
ASxxxx Linker V03.00 + NoICE + sdld,  page 10.
Hexadecimal  [32-Bits]

Area                                    Addr        Size        Decimal Bytes (Attributes)
--------------------------------        ----        ----        ------- ----- ------------
.  .ABS.                            00000000    00000000 =           0. bytes (ABS,CON)

      Value  Global                              Global Defined In Module
      -----  --------------------------------   ------------------------
     00000021  ___bank_tilemap_83                 tilemap_83
     00000021  ___bank_tilemap_90                 tilemap_90
     00000021  ___bank_tileset_40                 tileset_40
     00000022  ___bank_font_0                     font_0
     00000022  ___bank_scene_124_collisions       scene_124_collisions
     00000022  ___bank_scene_4_collisions         scene_4_collisions
     00000022  ___bank_scene_80_collisions        scene_80_collisions
     00000022  ___bank_script_s130_init           
     00000022  ___bank_tilemap_16                 tilemap_16
     00000022  ___bank_tilemap_3                  tilemap_3
     00000022  ___bank_tilemap_55                 tilemap_55
     00000022  ___bank_tilemap_67                 tilemap_67
     00000023  ___bank_scene_110_collisions       scene_110_collisions
     00000023  ___bank_scene_111_collisions       scene_111_collisions
     00000023  ___bank_scene_14_sprites           scene_14_sprites
     00000023  ___bank_scene_34_collisions        scene_34_collisions
     00000023  ___bank_scene_47_collisions        scene_47_collisions
     00000023  ___bank_scene_50_collisions        scene_50_collisions
     00000023  ___bank_tilemap_22                 tilemap_22
     00000023  ___bank_tilemap_63                 tilemap_63
     00000023  ___bank_tilemap_95                 tilemap_95
     00000023  ___bank_tileset_59                 tileset_59
     00000024  ___bank_background_100             background_100
     00000024  ___bank_scene_40_collisions        scene_40_collisions
     00000024  ___bank_scene_77_collisions        scene_77_collisions
     00000024  ___bank_scene_79_collisions        scene_79_collisions
     00000024  ___bank_spritesheet_33             spritesheet_33
     00000024  ___bank_tilemap_53                 tilemap_53
     00000024  ___bank_tilemap_54                 tilemap_54
     00000024  ___bank_tilemap_74                 tilemap_74
     00000024  ___bank_tilemap_88                 tilemap_88
     00000024  ___bank_tileset_28                 tileset_28
     00000024  ___bank_tileset_8                  tileset_8
     00000025  ___bank_scene_111_triggers         scene_111_triggers
     00000025  ___bank_scene_20_collisions        scene_20_collisions
     00000025  ___bank_scene_68_collisions        scene_68_collisions
     00000025  ___bank_scene_73_collisions        scene_73_collisions
     00000025  ___bank_scene_75_collisions        scene_75_collisions
     00000025  ___bank_tilemap_49                 tilemap_49
     00000025  ___bank_tilemap_51                 tilemap_51
     00000025  ___bank_tilemap_69                 tilemap_69
     00000025  ___bank_tileset_13                 tileset_13
     00000025  ___bank_tileset_63                 tileset_63
     00000025  ___bank_tileset_69                 tileset_69
     00000025  ___bank_tileset_85                 tileset_85
     00000026  ___bank_scene_100_collisions       scene_100_collisions
     00000026  ___bank_scene_102_collisions       scene_102_collisions
     00000026  ___bank_scene_42_collisions        scene_42_collisions
     00000026  ___bank_scene_43_collisions        scene_43_collisions
     00000026  ___bank_scene_6_collisions         scene_6_collisions
     00000026  ___bank_scene_82_collisions        scene_82_collisions
ASxxxx Linker V03.00 + NoICE + sdld,  page 11.
Hexadecimal  [32-Bits]

Area                                    Addr        Size        Decimal Bytes (Attributes)
--------------------------------        ----        ----        ------- ----- ------------
.  .ABS.                            00000000    00000000 =           0. bytes (ABS,CON)

      Value  Global                              Global Defined In Module
      -----  --------------------------------   ------------------------
     00000026  ___bank_script_input_13            
     00000026  ___bank_tilemap_115                tilemap_115
     00000026  ___bank_tilemap_116                tilemap_116
     00000026  ___bank_tileset_25                 tileset_25
     00000026  ___bank_tileset_67                 tileset_67
     00000026  ___bank_tileset_94                 tileset_94
     00000027  ___bank_scene_16_sprites           scene_16_sprites
     00000027  ___bank_scene_54_collisions        scene_54_collisions
     00000027  ___bank_scene_60_collisions        scene_60_collisions
     00000027  ___bank_scene_61_collisions        scene_61_collisions
     00000027  ___bank_tilemap_13                 tilemap_13
     00000027  ___bank_tilemap_19                 tilemap_19
     00000027  ___bank_tilemap_4                  tilemap_4
     00000027  ___bank_tilemap_57                 tilemap_57
     00000027  ___bank_tilemap_93                 tilemap_93
     00000027  ___bank_tilemap_98                 tilemap_98
     00000027  ___bank_tileset_16                 tileset_16
     00000027  ___bank_tileset_51                 tileset_51
     00000027  ___bank_tileset_58                 tileset_58
     00000028  ___bank_scene_102_triggers         scene_102_triggers
     00000028  ___bank_scene_35_collisions        scene_35_collisions
     00000028  ___bank_scene_36_collisions        scene_36_collisions
     00000028  ___bank_scene_38_collisions        scene_38_collisions
     00000028  ___bank_scene_74_collisions        scene_74_collisions
     00000028  ___bank_spritesheet_6              spritesheet_6
     00000028  ___bank_tilemap_14                 tilemap_14
     00000028  ___bank_tilemap_36                 tilemap_36
     00000028  ___bank_tilemap_50                 tilemap_50
     00000028  ___bank_tilemap_7                  tilemap_7
     00000028  ___bank_tilemap_76                 tilemap_76
     00000028  ___bank_tilemap_78                 tilemap_78
     00000028  ___bank_tilemap_87                 tilemap_87
     00000028  ___bank_tileset_32                 tileset_32
     00000028  ___bank_tileset_89                 tileset_89
     00000029  ___bank_scene_103_collisions       scene_103_collisions
     00000029  ___bank_scene_109_collisions       scene_109_collisions
     00000029  ___bank_scene_3_collisions         scene_3_collisions
     00000029  ___bank_scene_46_collisions        scene_46_collisions
     00000029  ___bank_scene_53_collisions        scene_53_collisions
     00000029  ___bank_scene_8_collisions         scene_8_collisions
     00000029  ___bank_script_s145_init           
     00000029  ___bank_tilemap_107                tilemap_107
     00000029  ___bank_tilemap_118                tilemap_118
     00000029  ___bank_tilemap_121                tilemap_121
     00000029  ___bank_tilemap_18                 tilemap_18
     00000029  ___bank_tilemap_45                 tilemap_45
     00000029  ___bank_tilemap_6                  tilemap_6
     00000029  ___bank_tilemap_96                 tilemap_96
     00000029  ___bank_tileset_7                  tileset_7
     00000029  ___bank_tileset_84                 tileset_84
     00000029  ___bank_tileset_86                 tileset_86
ASxxxx Linker V03.00 + NoICE + sdld,  page 12.
Hexadecimal  [32-Bits]

Area                                    Addr        Size        Decimal Bytes (Attributes)
--------------------------------        ----        ----        ------- ----- ------------
.  .ABS.                            00000000    00000000 =           0. bytes (ABS,CON)

      Value  Global                              Global Defined In Module
      -----  --------------------------------   ------------------------
     00000029  ___bank_tileset_90                 tileset_90
     0000002A  ___bank_scene_105_collisions       scene_105_collisions
     0000002A  ___bank_scene_123_sprites          scene_123_sprites
     0000002A  ___bank_scene_25_collisions        scene_25_collisions
     0000002A  ___bank_scene_28_collisions        scene_28_collisions
     0000002A  ___bank_scene_33_collisions        scene_33_collisions
     0000002A  ___bank_scene_37_collisions        scene_37_collisions
     0000002A  ___bank_scene_39_collisions        scene_39_collisions
     0000002A  ___bank_scene_64_collisions        scene_64_collisions
     0000002A  ___bank_script_s112_init           
     0000002A  ___bank_tilemap_2                  tilemap_2
     0000002A  ___bank_tilemap_58                 tilemap_58
     0000002A  ___bank_tilemap_75                 tilemap_75
     0000002A  ___bank_tilemap_77                 tilemap_77
     0000002A  ___bank_tilemap_82                 tilemap_82
     0000002A  ___bank_tilemap_84                 tilemap_84
     0000002A  ___bank_tilemap_91                 tilemap_91
     0000002A  ___bank_tileset_20                 tileset_20
     0000002A  ___bank_tileset_22                 tileset_22
     0000002A  ___bank_tileset_23                 tileset_23
     0000002A  ___bank_tileset_4                  tileset_4
     0000002A  ___bank_tileset_56                 tileset_56
     0000002A  ___bank_tileset_62                 tileset_62
     0000002A  ___bank_tileset_82                 tileset_82
     0000002B  ___bank_scene_101_collisions       scene_101_collisions
     0000002B  ___bank_scene_112_collisions       scene_112_collisions
     0000002B  ___bank_scene_115_collisions       scene_115_collisions
     0000002B  ___bank_scene_117_collisions       scene_117_collisions
     0000002B  ___bank_scene_120_collisions       scene_120_collisions
     0000002B  ___bank_scene_121_collisions       scene_121_collisions
     0000002B  ___bank_scene_123_collisions       scene_123_collisions
     0000002B  ___bank_scene_24_collisions        scene_24_collisions
     0000002B  ___bank_scene_26_collisions        scene_26_collisions
     0000002B  ___bank_scene_29_collisions        scene_29_collisions
     0000002B  ___bank_script_s101_init           
     0000002B  ___bank_script_s103t0_interact     
     0000002B  ___bank_spritesheet_8              spritesheet_8
     0000002B  ___bank_tilemap_100                tilemap_100
     0000002B  ___bank_tilemap_101                tilemap_101
     0000002B  ___bank_tilemap_102                tilemap_102
     0000002B  ___bank_tilemap_73                 tilemap_73
     0000002B  ___bank_tilemap_80                 tilemap_80
     0000002B  ___bank_tilemap_92                 tilemap_92
     0000002B  ___bank_tilemap_94                 tilemap_94
     0000002B  ___bank_tilemap_97                 tilemap_97
     0000002B  ___bank_tilemap_99                 tilemap_99
     0000002B  ___bank_tileset_24                 tileset_24
     0000002B  ___bank_tileset_71                 tileset_71
     0000002B  ___bank_tileset_73                 tileset_73
     0000002B  ___bank_tileset_83                 tileset_83
     0000002B  ___bank_tileset_88                 tileset_88
ASxxxx Linker V03.00 + NoICE + sdld,  page 13.
Hexadecimal  [32-Bits]

Area                                    Addr        Size        Decimal Bytes (Attributes)
--------------------------------        ----        ----        ------- ----- ------------
.  .ABS.                            00000000    00000000 =           0. bytes (ABS,CON)

      Value  Global                              Global Defined In Module
      -----  --------------------------------   ------------------------
     0000002B  ___bank_tileset_91                 tileset_91
     0000002C  ___bank_scene_106_collisions       scene_106_collisions
     0000002C  ___bank_scene_107_collisions       scene_107_collisions
     0000002C  ___bank_scene_113_collisions       scene_113_collisions
     0000002C  ___bank_scene_114_collisions       scene_114_collisions
     0000002C  ___bank_scene_116_collisions       scene_116_collisions
     0000002C  ___bank_scene_119_collisions       scene_119_collisions
     0000002C  ___bank_scene_122_collisions       scene_122_collisions
     0000002C  ___bank_scene_125_collisions       scene_125_collisions
     0000002C  ___bank_scene_126_collisions       scene_126_collisions
     0000002C  ___bank_scene_127_collisions       scene_127_collisions
     0000002C  ___bank_scene_128_collisions       scene_128_collisions
     0000002C  ___bank_scene_129_collisions       scene_129_collisions
     0000002C  ___bank_scene_130_collisions       scene_130_collisions
     0000002C  ___bank_scene_131_collisions       scene_131_collisions
     0000002C  ___bank_scene_132_collisions       scene_132_collisions
     0000002C  ___bank_scene_133_collisions       scene_133_collisions
     0000002C  ___bank_scene_134_collisions       scene_134_collisions
     0000002C  ___bank_scene_135_collisions       scene_135_collisions
     0000002C  ___bank_scene_136_collisions       scene_136_collisions
     0000002C  ___bank_scene_137_collisions       scene_137_collisions
     0000002C  ___bank_scene_138_collisions       scene_138_collisions
     0000002C  ___bank_scene_139_collisions       scene_139_collisions
     0000002C  ___bank_scene_13_collisions        scene_13_collisions
     0000002C  ___bank_scene_140_collisions       scene_140_collisions
     0000002C  ___bank_scene_141_collisions       scene_141_collisions
     0000002C  ___bank_scene_142_collisions       scene_142_collisions
     0000002C  ___bank_scene_143_collisions       scene_143_collisions
     0000002C  ___bank_scene_144_collisions       scene_144_collisions
     0000002C  ___bank_scene_145_collisions       scene_145_collisions
     0000002C  ___bank_scene_15_sprites           scene_15_sprites
     0000002C  ___bank_scene_1_collisions         scene_1_collisions
     0000002C  ___bank_scene_21_collisions        scene_21_collisions
     0000002C  ___bank_scene_2_collisions         scene_2_collisions
     0000002C  ___bank_scene_5_collisions         scene_5_collisions
     0000002C  ___bank_scene_63_collisions        scene_63_collisions
     0000002C  ___bank_scene_65_collisions        scene_65_collisions
     0000002C  ___bank_script_s133_init           
     0000002C  ___bank_spritesheet_16             spritesheet_16
     0000002C  ___bank_tilemap_125                tilemap_125
     0000002C  ___bank_tilemap_126                tilemap_126
     0000002C  ___bank_tilemap_85                 tilemap_85
     0000002C  ___bank_tileset_26                 tileset_26
     0000002C  ___bank_tileset_68                 tileset_68
     0000002C  ___bank_tileset_92                 tileset_92
     0000002C  l__HEADER4                      
     0000002D  ___bank_scene_110_sprites          scene_110_sprites
     0000002D  ___bank_scene_67_collisions        scene_67_collisions
     0000002D  ___bank_scene_76_collisions        scene_76_collisions
     0000002D  ___bank_scene_81_collisions        scene_81_collisions
     0000002D  ___bank_scene_86_collisions        scene_86_collisions
ASxxxx Linker V03.00 + NoICE + sdld,  page 14.
Hexadecimal  [32-Bits]

Area                                    Addr        Size        Decimal Bytes (Attributes)
--------------------------------        ----        ----        ------- ----- ------------
.  .ABS.                            00000000    00000000 =           0. bytes (ABS,CON)

      Value  Global                              Global Defined In Module
      -----  --------------------------------   ------------------------
     0000002D  ___bank_scene_90_collisions        scene_90_collisions
     0000002D  ___bank_scene_91_collisions        scene_91_collisions
     0000002D  ___bank_scene_92_collisions        scene_92_collisions
     0000002D  ___bank_scene_93_collisions        scene_93_collisions
     0000002D  ___bank_scene_94_collisions        scene_94_collisions
     0000002D  ___bank_scene_95_collisions        scene_95_collisions
     0000002D  ___bank_scene_96_collisions        scene_96_collisions
     0000002D  ___bank_scene_97_collisions        scene_97_collisions
     0000002D  ___bank_scene_98_collisions        scene_98_collisions
     0000002D  ___bank_script_s115_init           
     0000002D  ___bank_tilemap_103                tilemap_103
     0000002D  ___bank_tilemap_104                tilemap_104
     0000002D  ___bank_tilemap_105                tilemap_105
     0000002D  ___bank_tilemap_106                tilemap_106
     0000002D  ___bank_tilemap_108                tilemap_108
     0000002D  ___bank_tilemap_109                tilemap_109
     0000002D  ___bank_tilemap_127                tilemap_127
     0000002D  ___bank_tilemap_24                 tilemap_24
     0000002D  ___bank_tilemap_25                 tilemap_25
     0000002D  ___bank_tilemap_26                 tilemap_26
     0000002D  ___bank_tilemap_27                 tilemap_27
     0000002D  ___bank_tilemap_28                 tilemap_28
     0000002D  ___bank_tilemap_29                 tilemap_29
     0000002D  ___bank_tilemap_30                 tilemap_30
     0000002D  ___bank_tilemap_31                 tilemap_31
     0000002D  ___bank_tilemap_32                 tilemap_32
     0000002D  ___bank_tilemap_33                 tilemap_33
     0000002D  ___bank_tilemap_34                 tilemap_34
     0000002D  ___bank_tilemap_35                 tilemap_35
     0000002D  ___bank_tilemap_37                 tilemap_37
     0000002D  ___bank_tilemap_38                 tilemap_38
     0000002D  ___bank_tilemap_39                 tilemap_39
     0000002D  ___bank_tilemap_40                 tilemap_40
     0000002D  ___bank_tilemap_41                 tilemap_41
     0000002D  ___bank_tilemap_42                 tilemap_42
     0000002D  ___bank_tilemap_43                 tilemap_43
     0000002D  ___bank_tilemap_44                 tilemap_44
     0000002D  ___bank_tilemap_46                 tilemap_46
     0000002D  ___bank_tilemap_52                 tilemap_52
     0000002D  ___bank_tilemap_56                 tilemap_56
     0000002D  ___bank_tilemap_62                 tilemap_62
     0000002D  ___bank_tilemap_68                 tilemap_68
     0000002E  ___bank_frame_image                frame_image
     0000002E  ___bank_scene_10                   scene_10
     0000002E  ___bank_scene_100                  scene_100
     0000002E  ___bank_scene_101                  scene_101
     0000002E  ___bank_scene_106_actors           scene_106_actors
     0000002E  ___bank_scene_107_actors           scene_107_actors
     0000002E  ___bank_scene_10_actors            scene_10_actors
     0000002E  ___bank_scene_112_actors           scene_112_actors
     0000002E  ___bank_scene_114_actors           scene_114_actors
ASxxxx Linker V03.00 + NoICE + sdld,  page 15.
Hexadecimal  [32-Bits]

Area                                    Addr        Size        Decimal Bytes (Attributes)
--------------------------------        ----        ----        ------- ----- ------------
.  .ABS.                            00000000    00000000 =           0. bytes (ABS,CON)

      Value  Global                              Global Defined In Module
      -----  --------------------------------   ------------------------
     0000002E  ___bank_scene_11_actors            scene_11_actors
     0000002E  ___bank_scene_123_actors           scene_123_actors
     0000002E  ___bank_scene_129_actors           scene_129_actors
     0000002E  ___bank_scene_14_actors            scene_14_actors
     0000002E  ___bank_scene_15_actors            scene_15_actors
     0000002E  ___bank_scene_16_actors            scene_16_actors
     0000002E  ___bank_scene_17_actors            scene_17_actors
     0000002E  ___bank_scene_19_actors            scene_19_actors
     0000002E  ___bank_scene_20_actors            scene_20_actors
     0000002E  ___bank_scene_23_triggers          scene_23_triggers
     0000002E  ___bank_scene_7_actors             scene_7_actors
     0000002E  ___bank_scene_96_actors            scene_96_actors
     0000002E  ___bank_scene_97_actors            scene_97_actors
     0000002E  ___bank_scene_98_actors            scene_98_actors
     0000002E  ___bank_scene_9_actors             scene_9_actors
     0000002E  ___bank_script_engine_init         
     0000002E  ___bank_script_input_10            
     0000002E  ___bank_script_input_11            
     0000002E  ___bank_script_input_12            
     0000002E  ___bank_script_input_6             
     0000002E  ___bank_script_input_8             
     0000002E  ___bank_script_input_9             
     0000002E  ___bank_script_s0_init             
     0000002E  ___bank_script_s100_init           
     0000002E  ___bank_script_s102t0_interact     
     0000002E  ___bank_script_s104t0_interact     
     0000002E  ___bank_script_s105t0_interact     
     0000002E  ___bank_script_s105t1_interact     
     0000002E  ___bank_script_s106_init           
     0000002E  ___bank_script_s107_init           
     0000002E  ___bank_script_s108t2_interact     
     0000002E  ___bank_script_s110_init           
     0000002E  ___bank_script_s110t0_interact     
     0000002E  ___bank_script_s111_init           
     0000002E  ___bank_script_s113_init           
     0000002E  ___bank_script_s114_init           
     0000002E  ___bank_script_s116_init           
     0000002E  ___bank_script_s117t0_interact     
     0000002E  ___bank_script_s119t0_interact     
     0000002E  ___bank_script_s120_init           
     0000002E  ___bank_script_s121_init           
     0000002E  ___bank_script_s122_init           
     0000002E  ___bank_script_s124_init           
     0000002E  ___bank_script_s125_init           
     0000002E  ___bank_script_s126_init           
     0000002E  ___bank_script_s127_init           
     0000002E  ___bank_script_s128_init           
     0000002E  ___bank_script_s129_init           
     0000002E  ___bank_script_s131_init           
     0000002E  ___bank_script_s134_init           
     0000002E  ___bank_script_s135_init           
ASxxxx Linker V03.00 + NoICE + sdld,  page 16.
Hexadecimal  [32-Bits]

Area                                    Addr        Size        Decimal Bytes (Attributes)
--------------------------------        ----        ----        ------- ----- ------------
.  .ABS.                            00000000    00000000 =           0. bytes (ABS,CON)

      Value  Global                              Global Defined In Module
      -----  --------------------------------   ------------------------
     0000002E  ___bank_script_s136_init           
     0000002E  ___bank_script_s137_init           
     0000002E  ___bank_script_s138_init           
     0000002E  ___bank_script_s139_init           
     0000002E  ___bank_script_s140_init           
     0000002E  ___bank_script_s141_init           
     0000002E  ___bank_script_s142_init           
     0000002E  ___bank_script_s143_init           
     0000002E  ___bank_script_s144_init           
     0000002E  ___bank_script_s1_init             
     0000002E  ___bank_script_s90_init            
     0000002E  ___bank_script_s91_init            
     0000002E  ___bank_script_s92_init            
     0000002E  ___bank_script_s93_init            
     0000002E  ___bank_script_s94_init            
     0000002E  ___bank_script_s95_init            
     0000002E  ___bank_script_s96_init            
     0000002E  ___bank_script_s97_init            
     0000002E  ___bank_script_s98_init            
     0000002E  ___bank_script_s99_init            
     0000002E  ___bank_script_s9a2_update         
     0000002E  ___bank_spritesheet_1              spritesheet_1
     0000002E  ___bank_spritesheet_10             spritesheet_10
     0000002E  ___bank_spritesheet_11             spritesheet_11
     0000002E  ___bank_spritesheet_12             spritesheet_12
     0000002E  ___bank_spritesheet_17             spritesheet_17
     0000002E  ___bank_spritesheet_18             spritesheet_18
     0000002E  ___bank_spritesheet_19             spritesheet_19
     0000002E  ___bank_spritesheet_20             spritesheet_20
     0000002E  ___bank_spritesheet_21             spritesheet_21
     0000002E  ___bank_spritesheet_22             spritesheet_22
     0000002E  ___bank_spritesheet_23             spritesheet_23
     0000002E  ___bank_spritesheet_24             spritesheet_24
     0000002E  ___bank_spritesheet_27             spritesheet_27
     0000002E  ___bank_spritesheet_28             spritesheet_28
     0000002E  ___bank_spritesheet_29             spritesheet_29
     0000002E  ___bank_spritesheet_30             spritesheet_30
     0000002E  ___bank_spritesheet_31             spritesheet_31
     0000002E  ___bank_spritesheet_32             spritesheet_32
     0000002E  ___bank_spritesheet_34             spritesheet_34
     0000002E  ___bank_spritesheet_4              spritesheet_4
     0000002E  ___bank_spritesheet_5              spritesheet_5
     0000002E  ___bank_spritesheet_7              spritesheet_7
     0000002E  ___bank_spritesheet_9              spritesheet_9
     0000002E  ___bank_tilemap_72                 tilemap_72
     0000002E  ___bank_tileset_61                 tileset_61
     0000002E  ___bank_tileset_64                 tileset_64
     0000002E  ___bank_tileset_65                 tileset_65
     0000002E  ___bank_tileset_66                 tileset_66
     0000002E  ___bank_tileset_70                 tileset_70
     0000002E  ___bank_tileset_72                 tileset_72
ASxxxx Linker V03.00 + NoICE + sdld,  page 17.
Hexadecimal  [32-Bits]

Area                                    Addr        Size        Decimal Bytes (Attributes)
--------------------------------        ----        ----        ------- ----- ------------
.  .ABS.                            00000000    00000000 =           0. bytes (ABS,CON)

      Value  Global                              Global Defined In Module
      -----  --------------------------------   ------------------------
     0000002E  ___bank_tileset_77                 tileset_77
     0000002E  ___bank_tileset_78                 tileset_78
     0000002E  ___bank_tileset_79                 tileset_79
     0000002E  ___bank_tileset_80                 tileset_80
     0000002E  ___bank_tileset_81                 tileset_81
     0000002E  ___bank_tileset_87                 tileset_87
     0000002E  ___bank_tileset_93                 tileset_93
     0000002E  ___bank_tileset_95                 tileset_95
     0000002E  l__BSS                          
     0000002F  ___bank_scene_101_actors           scene_101_actors
     0000002F  ___bank_scene_102                  scene_102
     0000002F  ___bank_scene_103                  scene_103
     0000002F  ___bank_scene_104                  scene_104
     0000002F  ___bank_scene_104_actors           scene_104_actors
     0000002F  ___bank_scene_105                  scene_105
     0000002F  ___bank_scene_106                  scene_106
     0000002F  ___bank_scene_107                  scene_107
     0000002F  ___bank_scene_108                  scene_108
     0000002F  ___bank_scene_109                  scene_109
     0000002F  ___bank_scene_11                   scene_11
     0000002F  ___bank_scene_110                  scene_110
     0000002F  ___bank_scene_110_actors           scene_110_actors
     0000002F  ___bank_scene_111                  scene_111
     0000002F  ___bank_scene_112                  scene_112
     0000002F  ___bank_scene_113                  scene_113
     0000002F  ___bank_scene_114                  scene_114
     0000002F  ___bank_scene_115                  scene_115
     0000002F  ___bank_scene_115_actors           scene_115_actors
     0000002F  ___bank_scene_116                  scene_116
     0000002F  ___bank_scene_116_actors           scene_116_actors
     0000002F  ___bank_scene_117                  scene_117
     0000002F  ___bank_scene_118                  scene_118
     0000002F  ___bank_scene_119                  scene_119
     0000002F  ___bank_scene_12                   scene_12
     0000002F  ___bank_scene_120                  scene_120
     0000002F  ___bank_scene_120_actors           scene_120_actors
     0000002F  ___bank_scene_121                  scene_121
     0000002F  ___bank_scene_122                  scene_122
     0000002F  ___bank_scene_123                  scene_123
     0000002F  ___bank_scene_124                  scene_124
     0000002F  ___bank_scene_125                  scene_125
     0000002F  ___bank_scene_126                  scene_126
     0000002F  ___bank_scene_127                  scene_127
     0000002F  ___bank_scene_128                  scene_128
     0000002F  ___bank_scene_129                  scene_129
     0000002F  ___bank_scene_12_actors            scene_12_actors
     0000002F  ___bank_scene_13                   scene_13
     0000002F  ___bank_scene_130                  scene_130
     0000002F  ___bank_scene_130_actors           scene_130_actors
     0000002F  ___bank_scene_131                  scene_131
     0000002F  ___bank_scene_132                  scene_132
ASxxxx Linker V03.00 + NoICE + sdld,  page 18.
Hexadecimal  [32-Bits]

Area                                    Addr        Size        Decimal Bytes (Attributes)
--------------------------------        ----        ----        ------- ----- ------------
.  .ABS.                            00000000    00000000 =           0. bytes (ABS,CON)

      Value  Global                              Global Defined In Module
      -----  --------------------------------   ------------------------
     0000002F  ___bank_scene_133                  scene_133
     0000002F  ___bank_scene_134                  scene_134
     0000002F  ___bank_scene_135                  scene_135
     0000002F  ___bank_scene_136                  scene_136
     0000002F  ___bank_scene_137                  scene_137
     0000002F  ___bank_scene_138                  scene_138
     0000002F  ___bank_scene_139                  scene_139
     0000002F  ___bank_scene_13_actors            scene_13_actors
     0000002F  ___bank_scene_14                   scene_14
     0000002F  ___bank_scene_140                  scene_140
     0000002F  ___bank_scene_141                  scene_141
     0000002F  ___bank_scene_142                  scene_142
     0000002F  ___bank_scene_143                  scene_143
     0000002F  ___bank_scene_144                  scene_144
     0000002F  ___bank_scene_145                  scene_145
     0000002F  ___bank_scene_15                   scene_15
     0000002F  ___bank_scene_16                   scene_16
     0000002F  ___bank_scene_17                   scene_17
     0000002F  ___bank_scene_18                   scene_18
     0000002F  ___bank_scene_18_actors            scene_18_actors
     0000002F  ___bank_scene_19                   scene_19
     0000002F  ___bank_scene_2                    scene_2
     0000002F  ___bank_scene_20                   scene_20
     0000002F  ___bank_scene_21                   scene_21
     0000002F  ___bank_scene_21_actors            scene_21_actors
     0000002F  ___bank_scene_22                   scene_22
     0000002F  ___bank_scene_23                   scene_23
     0000002F  ___bank_scene_24                   scene_24
     0000002F  ___bank_scene_25                   scene_25
     0000002F  ___bank_scene_26                   scene_26
     0000002F  ___bank_scene_27                   scene_27
     0000002F  ___bank_scene_28                   scene_28
     0000002F  ___bank_scene_29                   scene_29
     0000002F  ___bank_scene_3                    scene_3
     0000002F  ___bank_scene_30                   scene_30
     0000002F  ___bank_scene_31                   scene_31
     0000002F  ___bank_scene_32                   scene_32
     0000002F  ___bank_scene_33                   scene_33
     0000002F  ___bank_scene_34                   scene_34
     0000002F  ___bank_scene_35                   scene_35
     0000002F  ___bank_scene_36                   scene_36
     0000002F  ___bank_scene_37                   scene_37
     0000002F  ___bank_scene_38                   scene_38
     0000002F  ___bank_scene_39                   scene_39
     0000002F  ___bank_scene_4                    scene_4
     0000002F  ___bank_scene_40                   scene_40
     0000002F  ___bank_scene_41                   scene_41
     0000002F  ___bank_scene_42                   scene_42
     0000002F  ___bank_scene_43                   scene_43
     0000002F  ___bank_scene_44                   scene_44
     0000002F  ___bank_scene_45                   scene_45
ASxxxx Linker V03.00 + NoICE + sdld,  page 19.
Hexadecimal  [32-Bits]

Area                                    Addr        Size        Decimal Bytes (Attributes)
--------------------------------        ----        ----        ------- ----- ------------
.  .ABS.                            00000000    00000000 =           0. bytes (ABS,CON)

      Value  Global                              Global Defined In Module
      -----  --------------------------------   ------------------------
     0000002F  ___bank_scene_46                   scene_46
     0000002F  ___bank_scene_47                   scene_47
     0000002F  ___bank_scene_48                   scene_48
     0000002F  ___bank_scene_49                   scene_49
     0000002F  ___bank_scene_4_actors             scene_4_actors
     0000002F  ___bank_scene_5                    scene_5
     0000002F  ___bank_scene_50                   scene_50
     0000002F  ___bank_scene_51                   scene_51
     0000002F  ___bank_scene_52                   scene_52
     0000002F  ___bank_scene_53                   scene_53
     0000002F  ___bank_scene_54                   scene_54
     0000002F  ___bank_scene_55                   scene_55
     0000002F  ___bank_scene_56                   scene_56
     0000002F  ___bank_scene_57                   scene_57
     0000002F  ___bank_scene_58                   scene_58
     0000002F  ___bank_scene_59                   scene_59
     0000002F  ___bank_scene_5_actors             scene_5_actors
     0000002F  ___bank_scene_6                    scene_6
     0000002F  ___bank_scene_60                   scene_60
     0000002F  ___bank_scene_61                   scene_61
     0000002F  ___bank_scene_62                   scene_62
     0000002F  ___bank_scene_63                   scene_63
     0000002F  ___bank_scene_64                   scene_64
     0000002F  ___bank_scene_65                   scene_65
     0000002F  ___bank_scene_66                   scene_66
     0000002F  ___bank_scene_67                   scene_67
     0000002F  ___bank_scene_68                   scene_68
     0000002F  ___bank_scene_69                   scene_69
     0000002F  ___bank_scene_6_actors             scene_6_actors
     0000002F  ___bank_scene_7                    scene_7
     0000002F  ___bank_scene_70                   scene_70
     0000002F  ___bank_scene_71                   scene_71
     0000002F  ___bank_scene_72                   scene_72
     0000002F  ___bank_scene_73                   scene_73
     0000002F  ___bank_scene_74                   scene_74
     0000002F  ___bank_scene_75                   scene_75
     0000002F  ___bank_scene_76                   scene_76
     0000002F  ___bank_scene_77                   scene_77
     0000002F  ___bank_scene_78                   scene_78
     0000002F  ___bank_scene_79                   scene_79
     0000002F  ___bank_scene_8                    scene_8
     0000002F  ___bank_scene_80                   scene_80
     0000002F  ___bank_scene_81                   scene_81
     0000002F  ___bank_scene_82                   scene_82
     0000002F  ___bank_scene_83                   scene_83
     0000002F  ___bank_scene_84                   scene_84
     0000002F  ___bank_scene_85                   scene_85
     0000002F  ___bank_scene_85_triggers          scene_85_triggers
     0000002F  ___bank_scene_86                   scene_86
     0000002F  ___bank_scene_87                   scene_87
     0000002F  ___bank_scene_88                   scene_88
ASxxxx Linker V03.00 + NoICE + sdld,  page 20.
Hexadecimal  [32-Bits]

Area                                    Addr        Size        Decimal Bytes (Attributes)
--------------------------------        ----        ----        ------- ----- ------------
.  .ABS.                            00000000    00000000 =           0. bytes (ABS,CON)

      Value  Global                              Global Defined In Module
      -----  --------------------------------   ------------------------
     0000002F  ___bank_scene_89                   scene_89
     0000002F  ___bank_scene_8_actors             scene_8_actors
     0000002F  ___bank_scene_9                    scene_9
     0000002F  ___bank_scene_90                   scene_90
     0000002F  ___bank_scene_90_actors            scene_90_actors
     0000002F  ___bank_scene_91                   scene_91
     0000002F  ___bank_scene_91_actors            scene_91_actors
     0000002F  ___bank_scene_92                   scene_92
     0000002F  ___bank_scene_93                   scene_93
     0000002F  ___bank_scene_94                   scene_94
     0000002F  ___bank_scene_95                   scene_95
     0000002F  ___bank_scene_96                   scene_96
     0000002F  ___bank_scene_97                   scene_97
     0000002F  ___bank_scene_98                   scene_98
     0000002F  ___bank_scene_99                   scene_99
     0000002F  ___bank_scene_99_actors            scene_99_actors
     0000002F  ___bank_script_input_2             
     0000002F  ___bank_script_s103t1_interact     
     0000002F  ___bank_script_s104t1_interact     
     0000002F  ___bank_script_s104t2_interact     
     0000002F  ___bank_script_s108t0_interact     
     0000002F  ___bank_script_s108t1_interact     
     0000002F  ___bank_script_s109t0_interact     
     0000002F  ___bank_script_s109t1_interact     
     0000002F  ___bank_script_s10t0_interact      
     0000002F  ___bank_script_s10t1_interact      
     0000002F  ___bank_script_s111t0_interact     
     0000002F  ___bank_script_s118t0_interact     
     0000002F  ___bank_script_s11t0_interact      
     0000002F  ___bank_script_s11t1_interact      
     0000002F  ___bank_script_s11t2_interact      
     0000002F  ___bank_script_s12t0_interact      
     0000002F  ___bank_script_s12t1_interact      
     0000002F  ___bank_script_s13t0_interact      
     0000002F  ___bank_script_s13t1_interact      
     0000002F  ___bank_script_s14t0_interact      
     0000002F  ___bank_script_s14t1_interact      
     0000002F  ___bank_script_s15t0_interact      
     0000002F  ___bank_script_s15t1_interact      
     0000002F  ___bank_script_s16t0_interact      
     0000002F  ___bank_script_s16t1_interact      
     0000002F  ___bank_script_s17t0_interact      
     0000002F  ___bank_script_s17t1_interact      
     0000002F  ___bank_script_s17t2_interact      
     0000002F  ___bank_script_s17t3_interact      
     0000002F  ___bank_script_s17t4_interact      
     0000002F  ___bank_script_s18t0_interact      
     0000002F  ___bank_script_s18t1_interact      
     0000002F  ___bank_script_s19t0_interact      
     0000002F  ___bank_script_s19t1_interact      
     0000002F  ___bank_script_s20t0_interact      
ASxxxx Linker V03.00 + NoICE + sdld,  page 21.
Hexadecimal  [32-Bits]

Area                                    Addr        Size        Decimal Bytes (Attributes)
--------------------------------        ----        ----        ------- ----- ------------
.  .ABS.                            00000000    00000000 =           0. bytes (ABS,CON)

      Value  Global                              Global Defined In Module
      -----  --------------------------------   ------------------------
     0000002F  ___bank_script_s20t1_interact      
     0000002F  ___bank_script_s21t0_interact      
     0000002F  ___bank_script_s21t1_interact      
     0000002F  ___bank_script_s21t2_interact      
     0000002F  ___bank_script_s23t0_interact      
     0000002F  ___bank_script_s23t1_interact      
     0000002F  ___bank_script_s23t2_interact      
     0000002F  ___bank_script_s23t3_interact      
     0000002F  ___bank_script_s23t4_interact      
     0000002F  ___bank_script_s23t5_interact      
     0000002F  ___bank_script_s23t6_interact      
     0000002F  ___bank_script_s23t7_interact      
     0000002F  ___bank_script_s23t8_interact      
     0000002F  ___bank_script_s24t0_interact      
     0000002F  ___bank_script_s25t0_interact      
     0000002F  ___bank_script_s25t1_interact      
     0000002F  ___bank_script_s26t0_interact      
     0000002F  ___bank_script_s26t1_interact      
     0000002F  ___bank_script_s27t0_interact      
     0000002F  ___bank_script_s27t1_interact      
     0000002F  ___bank_script_s28t0_interact      
     0000002F  ___bank_script_s29t0_interact      
     0000002F  ___bank_script_s29t1_interact      
     0000002F  ___bank_script_s30t0_interact      
     0000002F  ___bank_script_s31t0_interact      
     0000002F  ___bank_script_s31t1_interact      
     0000002F  ___bank_script_s32t0_interact      
     0000002F  ___bank_script_s32t1_interact      
     0000002F  ___bank_script_s32t2_interact      
     0000002F  ___bank_script_s33t0_interact      
     0000002F  ___bank_script_s33t1_interact      
     0000002F  ___bank_script_s34t0_interact      
     0000002F  ___bank_script_s34t1_interact      
     0000002F  ___bank_script_s35t0_interact      
     0000002F  ___bank_script_s36t0_interact      
     0000002F  ___bank_script_s36t1_interact      
     0000002F  ___bank_script_s37t0_interact      
     0000002F  ___bank_script_s38t0_interact      
     0000002F  ___bank_script_s39t0_interact      
     0000002F  ___bank_script_s40t0_interact      
     0000002F  ___bank_script_s40t1_interact      
     0000002F  ___bank_script_s41t0_interact      
     0000002F  ___bank_script_s42t0_interact      
     0000002F  ___bank_script_s42t1_interact      
     0000002F  ___bank_script_s42t2_interact      
     0000002F  ___bank_script_s4t0_interact       
     0000002F  ___bank_script_s5t0_interact       
     0000002F  ___bank_script_s63t0_interact      
     0000002F  ___bank_script_s64t0_interact      
     0000002F  ___bank_script_s64t1_interact      
     0000002F  ___bank_script_s65t0_interact      
ASxxxx Linker V03.00 + NoICE + sdld,  page 22.
Hexadecimal  [32-Bits]

Area                                    Addr        Size        Decimal Bytes (Attributes)
--------------------------------        ----        ----        ------- ----- ------------
.  .ABS.                            00000000    00000000 =           0. bytes (ABS,CON)

      Value  Global                              Global Defined In Module
      -----  --------------------------------   ------------------------
     0000002F  ___bank_script_s65t1_interact      
     0000002F  ___bank_script_s66t0_interact      
     0000002F  ___bank_script_s66t1_interact      
     0000002F  ___bank_script_s66t2_interact      
     0000002F  ___bank_script_s67t0_interact      
     0000002F  ___bank_script_s67t1_interact      
     0000002F  ___bank_script_s68t0_interact      
     0000002F  ___bank_script_s68t1_interact      
     0000002F  ___bank_script_s68t2_interact      
     0000002F  ___bank_script_s69t0_interact      
     0000002F  ___bank_script_s69t1_interact      
     0000002F  ___bank_script_s6t0_interact       
     0000002F  ___bank_script_s6t1_interact       
     0000002F  ___bank_script_s6t2_interact       
     0000002F  ___bank_script_s6t3_interact       
     0000002F  ___bank_script_s70t0_interact      
     0000002F  ___bank_script_s70t1_interact      
     0000002F  ___bank_script_s70t2_interact      
     0000002F  ___bank_script_s70t3_interact      
     0000002F  ___bank_script_s70t4_interact      
     0000002F  ___bank_script_s70t5_interact      
     0000002F  ___bank_script_s71t0_interact      
     0000002F  ___bank_script_s71t1_interact      
     0000002F  ___bank_script_s71t2_interact      
     0000002F  ___bank_script_s71t3_interact      
     0000002F  ___bank_script_s72t0_interact      
     0000002F  ___bank_script_s72t1_interact      
     0000002F  ___bank_script_s73t0_interact      
     0000002F  ___bank_script_s73t1_interact      
     0000002F  ___bank_script_s74t0_interact      
     0000002F  ___bank_script_s74t1_interact      
     0000002F  ___bank_script_s75t0_interact      
     0000002F  ___bank_script_s75t1_interact      
     0000002F  ___bank_script_s76t0_interact      
     0000002F  ___bank_script_s76t1_interact      
     0000002F  ___bank_script_s78t0_interact      
     0000002F  ___bank_script_s78t1_interact      
     0000002F  ___bank_script_s79t0_interact      
     0000002F  ___bank_script_s7t0_interact       
     0000002F  ___bank_script_s7t1_interact       
     0000002F  ___bank_script_s7t2_interact       
     0000002F  ___bank_script_s80t0_interact      
     0000002F  ___bank_script_s80t1_interact      
     0000002F  ___bank_script_s81t0_interact      
     0000002F  ___bank_script_s82t0_interact      
     0000002F  ___bank_script_s82t1_interact      
     0000002F  ___bank_script_s83t0_interact      
     0000002F  ___bank_script_s83t1_interact      
     0000002F  ___bank_script_s84t0_interact      
     0000002F  ___bank_script_s84t1_interact      
     0000002F  ___bank_script_s84t2_interact      
ASxxxx Linker V03.00 + NoICE + sdld,  page 23.
Hexadecimal  [32-Bits]

Area                                    Addr        Size        Decimal Bytes (Attributes)
--------------------------------        ----        ----        ------- ----- ------------
.  .ABS.                            00000000    00000000 =           0. bytes (ABS,CON)

      Value  Global                              Global Defined In Module
      -----  --------------------------------   ------------------------
     0000002F  ___bank_script_s84t3_interact      
     0000002F  ___bank_script_s85t0_interact      
     0000002F  ___bank_script_s85t1_interact      
     0000002F  ___bank_script_s85t2_interact      
     0000002F  ___bank_script_s85t3_interact      
     0000002F  ___bank_script_s85t4_interact      
     0000002F  ___bank_script_s86t0_interact      
     0000002F  ___bank_script_s87t0_interact      
     0000002F  ___bank_script_s87t1_interact      
     0000002F  ___bank_script_s88t0_interact      
     0000002F  ___bank_script_s88t1_interact      
     0000002F  ___bank_script_s88t2_interact      
     0000002F  ___bank_script_s89t0_interact      
     0000002F  ___bank_script_s89t1_interact      
     0000002F  ___bank_script_s89t2_interact      
     0000002F  ___bank_script_s89t3_interact      
     0000002F  ___bank_script_s89t4_interact      
     0000002F  ___bank_script_s8t0_interact       
     0000002F  ___bank_script_s8t1_interact       
     0000002F  ___bank_script_s9t0_interact       
     0000002F  ___bank_script_s9t1_interact       
     0000002F  ___bank_spritesheet_0              spritesheet_0
[...]
                                          [ tilemap_70 ]
C:/Users/iwaza/AppData/Local/Temp/_gbsbuild/obj/tilemap_71.rel
                                          [ tilemap_71 ]
C:/Users/iwaza/AppData/Local/Temp/_gbsbuild/obj/tilemap_72.rel
                                          [ tilemap_72 ]
C:/Users/iwaza/AppData/Local/Temp/_gbsbuild/obj/tilemap_73.rel
                                          [ tilemap_73 ]
C:/Users/iwaza/AppData/Local/Temp/_gbsbuild/obj/tilemap_74.rel
                                          [ tilemap_74 ]
C:/Users/iwaza/AppData/Local/Temp/_gbsbuild/obj/tilemap_75.rel
                                          [ tilemap_75 ]
C:/Users/iwaza/AppData/Local/Temp/_gbsbuild/obj/tilemap_76.rel
                                          [ tilemap_76 ]
C:/Users/iwaza/AppData/Local/Temp/_gbsbuild/obj/tilemap_77.rel
                                          [ tilemap_77 ]
C:/Users/iwaza/AppData/Local/Temp/_gbsbuild/obj/tilemap_78.rel
                                          [ tilemap_78 ]
C:/Users/iwaza/AppData/Local/Temp/_gbsbuild/obj/tilemap_79.rel
                                          [ tilemap_79 ]
C:/Users/iwaza/AppData/Local/Temp/_gbsbuild/obj/tilemap_8.rel
                                          [ tilemap_8 ]
C:/Users/iwaza/AppData/Local/Temp/_gbsbuild/obj/tilemap_80.rel
                                          [ tilemap_80 ]
C:/Users/iwaza/AppData/Local/Temp/_gbsbuild/obj/tilemap_81.rel
                                          [ tilemap_81 ]
C:/Users/iwaza/AppData/Local/Temp/_gbsbuild/obj/tilemap_82.rel
                                          [ tilemap_82 ]
C:/Users/iwaza/AppData/Local/Temp/_gbsbuild/obj/tilemap_83.rel
                                          [ tilemap_83 ]
C:/Users/iwaza/AppData/Local/Temp/_gbsbuild/obj/tilemap_84.rel
                                          [ tilemap_84 ]
C:/Users/iwaza/AppData/Local/Temp/_gbsbuild/obj/tilemap_85.rel
                                          [ tilemap_85 ]
C:/Users/iwaza/AppData/Local/Temp/_gbsbuild/obj/tilemap_86.rel
                                          [ tilemap_86 ]
C:/Users/iwaza/AppData/Local/Temp/_gbsbuild/obj/tilemap_87.rel
                                          [ tilemap_87 ]
C:/Users/iwaza/AppData/Local/Temp/_gbsbuild/obj/tilemap_88.rel
                                          [ tilemap_88 ]
C:/Users/iwaza/AppData/Local/Temp/_gbsbuild/obj/tilemap_89.rel
                                          [ tilemap_89 ]
C:/Users/iwaza/AppData/Local/Temp/_gbsbuild/obj/tilemap_9.rel
                                          [ tilemap_9 ]
C:/Users/iwaza/AppData/Local/Temp/_gbsbuild/obj/tilemap_90.rel
                                          [ tilemap_90 ]
C:/Users/iwaza/AppData/Local/Temp/_gbsbuild/obj/tilemap_91.rel
                                          [ tilemap_91 ]
C:/Users/iwaza/AppData/Local/Temp/_gbsbuild/obj/tilemap_92.rel
                                          [ tilemap_92 ]
C:/Users/iwaza/AppData/Local/Temp/_gbsbuild/obj/tilemap_93.rel
                                          [ tilemap_93 ]
C:/Users/iwaza/AppData/Local/Temp/_gbsbuild/obj/tilemap_94.rel
                                          [ tilemap_94 ]
C:/Users/iwaza/AppData/Local/Temp/_gbsbuild/obj/tilemap_95.rel
                                          [ tilemap_95 ]
C:/Users/iwaza/AppData/Local/Temp/_gbsbuild/obj/tilemap_96.rel
                                          [ tilemap_96 ]
C:/Users/iwaza/AppData/Local/Temp/_gbsbuild/obj/tilemap_97.rel
                                          [ tilemap_97 ]
C:/Users/iwaza/AppData/Local/Temp/_gbsbuild/obj/tilemap_98.rel
                                          [ tilemap_98 ]
C:/Users/iwaza/AppData/Local/Temp/_gbsbuild/obj/tilemap_99.rel
                                          [ tilemap_99 ]
C:/Users/iwaza/AppData/Local/Temp/_gbsbuild/obj/tileset_0.rel
                                          [ tileset_0 ]
C:/Users/iwaza/AppData/Local/Temp/_gbsbuild/obj/tileset_1.rel
                                          [ tileset_1 ]
C:/Users/iwaza/AppData/Local/Temp/_gbsbuild/obj/tileset_10.rel
                                          [ tileset_10 ]
C:/Users/iwaza/AppData/Local/Temp/_gbsbuild/obj/tileset_11.rel
                                          [ tileset_11 ]
C:/Users/iwaza/AppData/Local/Temp/_gbsbuild/obj/tileset_12.rel
                                          [ tileset_12 ]
C:/Users/iwaza/AppData/Local/Temp/_gbsbuild/obj/tileset_13.rel
                                          [ tileset_13 ]
C:/Users/iwaza/AppData/Local/Temp/_gbsbuild/obj/tileset_14.rel
                                          [ tileset_14 ]
C:/Users/iwaza/AppData/Local/Temp/_gbsbuild/obj/tileset_15.rel
                                          [ tileset_15 ]
C:/Users/iwaza/AppData/Local/Temp/_gbsbuild/obj/tileset_16.rel
                                          [ tileset_16 ]
C:/Users/iwaza/AppData/Local/Temp/_gbsbuild/obj/tileset_17.rel
                                          [ tileset_17 ]
C:/Users/iwaza/AppData/Local/Temp/_gbsbuild/obj/tileset_18.rel
                                          [ tileset_18 ]
C:/Users/iwaza/AppData/Local/Temp/_gbsbuild/obj/tileset_19.rel
                                          [ tileset_19 ]
C:/Users/iwaza/AppData/Local/Temp/_gbsbuild/obj/tileset_2.rel
                                          [ tileset_2 ]
C:/Users/iwaza/AppData/Local/Temp/_gbsbuild/obj/tileset_20.rel
                                          [ tileset_20 ]
C:/Users/iwaza/AppData/Local/Temp/_gbsbuild/obj/tileset_21.rel
                                          [ tileset_21 ]
C:/Users/iwaza/AppData/Local/Temp/_gbsbuild/obj/tileset_22.rel
                                          [ tileset_22 ]
C:/Users/iwaza/AppData/Local/Temp/_gbsbuild/obj/tileset_23.rel
                                          [ tileset_23 ]
C:/Users/iwaza/AppData/Local/Temp/_gbsbuild/obj/tileset_24.rel
                                          [ tileset_24 ]
C:/Users/iwaza/AppData/Local/Temp/_gbsbuild/obj/tileset_25.rel
                                          [ tileset_25 ]
C:/Users/iwaza/AppData/Local/Temp/_gbsbuild/obj/tileset_26.rel
                                          [ tileset_26 ]
C:/Users/iwaza/AppData/Local/Temp/_gbsbuild/obj/tileset_27.rel
                                          [ tileset_27 ]
C:/Users/iwaza/AppData/Local/Temp/_gbsbuild/obj/tileset_28.rel
                                          [ tileset_28 ]
C:/Users/iwaza/AppData/Local/Temp/_gbsbuild/obj/tileset_29.rel
                                          [ tileset_29 ]
C:/Users/iwaza/AppData/Local/Temp/_gbsbuild/obj/tileset_3.rel
                                          [ tileset_3 ]
C:/Users/iwaza/AppData/Local/Temp/_gbsbuild/obj/tileset_30.rel
                                          [ tileset_30 ]
C:/Users/iwaza/AppData/Local/Temp/_gbsbuild/obj/tileset_31.rel
                                          [ tileset_31 ]
C:/Users/iwaza/AppData/Local/Temp/_gbsbuild/obj/tileset_32.rel
                                          [ tileset_32 ]
C:/Users/iwaza/AppData/Local/Temp/_gbsbuild/obj/tileset_33.rel
                                          [ tileset_33 ]
C:/Users/iwaza/AppData/Local/Temp/_gbsbuild/obj/tileset_34.rel
                                          [ tileset_34 ]
C:/Users/iwaza/AppData/Local/Temp/_gbsbuild/obj/tileset_35.rel
                                          [ tileset_35 ]
C:/Users/iwaza/AppData/Local/Temp/_gbsbuild/obj/tileset_36.rel
                                          [ tileset_36 ]
C:/Users/iwaza/AppData/Local/Temp/_gbsbuild/obj/tileset_37.rel
                                          [ tileset_37 ]
C:/Users/iwaza/AppData/Local/Temp/_gbsbuild/obj/tileset_38.rel
                                          [ tileset_38 ]
C:/Users/iwaza/AppData/Local/Temp/_gbsbuild/obj/tileset_39.rel
                                          [ tileset_39 ]
C:/Users/iwaza/AppData/Local/Temp/_gbsbuild/obj/tileset_4.rel
                                          [ tileset_4 ]
C:/Users/iwaza/AppData/Local/Temp/_gbsbuild/obj/tileset_40.rel
                                          [ tileset_40 ]
C:/Users/iwaza/AppData/Local/Temp/_gbsbuild/obj/tileset_41.rel
                                          [ tileset_41 ]
C:/Users/iwaza/AppData/Local/Temp/_gbsbuild/obj/tileset_42.rel
                                          [ tileset_42 ]
C:/Users/iwaza/AppData/Local/Temp/_gbsbuild/obj/tileset_43.rel
                                          [ tileset_43 ]
C:/Users/iwaza/AppData/Local/Temp/_gbsbuild/obj/tileset_44.rel
                                          [ tileset_44 ]
C:/Users/iwaza/AppData/Local/Temp/_gbsbuild/obj/tileset_45.rel
                                          [ tileset_45 ]
C:/Users/iwaza/AppData/Local/Temp/_gbsbuild/obj/tileset_46.rel
                                          [ tileset_46 ]
C:/Users/iwaza/AppData/Local/Temp/_gbsbuild/obj/tileset_47.rel
                                          [ tileset_47 ]
C:/Users/iwaza/AppData/Local/Temp/_gbsbuild/obj/tileset_48.rel
                                          [ tileset_48 ]
C:/Users/iwaza/AppData/Local/Temp/_gbsbuild/obj/tileset_49.rel
                                          [ tileset_49 ]
C:/Users/iwaza/AppData/Local/Temp/_gbsbuild/obj/tileset_5.rel
                                          [ tileset_5 ]
C:/Users/iwaza/AppData/Local/Temp/_gbsbuild/obj/tileset_50.rel
                                          [ tileset_50 ]
C:/Users/iwaza/AppData/Local/Temp/_gbsbuild/obj/tileset_51.rel
                                          [ tileset_51 ]
C:/Users/iwaza/AppData/Local/Temp/_gbsbuild/obj/tileset_52.rel
                                          [ tileset_52 ]
C:/Users/iwaza/AppData/Local/Temp/_gbsbuild/obj/tileset_53.rel
                                          [ tileset_53 ]
C:/Users/iwaza/AppData/Local/Temp/_gbsbuild/obj/tileset_54.rel
                                          [ tileset_54 ]
C:/Users/iwaza/AppData/Local/Temp/_gbsbuild/obj/tileset_55.rel
                                          [ tileset_55 ]
C:/Users/iwaza/AppData/Local/Temp/_gbsbuild/obj/tileset_56.rel
                                          [ tileset_56 ]
C:/Users/iwaza/AppData/Local/Temp/_gbsbuild/obj/tileset_57.rel
                                          [ tileset_57 ]
C:/Users/iwaza/AppData/Local/Temp/_gbsbuild/obj/tileset_58.rel
                                          [ tileset_58 ]
C:/Users/iwaza/AppData/Local/Temp/_gbsbuild/obj/tileset_59.rel
                                          [ tileset_59 ]
C:/Users/iwaza/AppData/Local/Temp/_gbsbuild/obj/tileset_6.rel
                                          [ tileset_6 ]
C:/Users/iwaza/AppData/Local/Temp/_gbsbuild/obj/tileset_60.rel
                                          [ tileset_60 ]
C:/Users/iwaza/AppData/Local/Temp/_gbsbuild/obj/tileset_61.rel
                                          [ tileset_61 ]
C:/Users/iwaza/AppData/Local/Temp/_gbsbuild/obj/tileset_62.rel
                                          [ tileset_62 ]
C:/Users/iwaza/AppData/Local/Temp/_gbsbuild/obj/tileset_63.rel
                                          [ tileset_63 ]
C:/Users/iwaza/AppData/Local/Temp/_gbsbuild/obj/tileset_64.rel
                                          [ tileset_64 ]
C:/Users/iwaza/AppData/Local/Temp/_gbsbuild/obj/tileset_65.rel
                                          [ tileset_65 ]
C:/Users/iwaza/AppData/Local/Temp/_gbsbuild/obj/tileset_66.rel
                                          [ tileset_66 ]
C:/Users/iwaza/AppData/Local/Temp/_gbsbuild/obj/tileset_67.rel
                                          [ tileset_67 ]
C:/Users/iwaza/AppData/Local/Temp/_gbsbuild/obj/tileset_68.rel
                                          [ tileset_68 ]
C:/Users/iwaza/AppData/Local/Temp/_gbsbuild/obj/tileset_69.rel
                                          [ tileset_69 ]
C:/Users/iwaza/AppData/Local/Temp/_gbsbuild/obj/tileset_7.rel
                                          [ tileset_7 ]
C:/Users/iwaza/AppData/Local/Temp/_gbsbuild/obj/tileset_70.rel
                                          [ tileset_70 ]
C:/Users/iwaza/AppData/Local/Temp/_gbsbuild/obj/tileset_71.rel
                                          [ tileset_71 ]
C:/Users/iwaza/AppData/Local/Temp/_gbsbuild/obj/tileset_72.rel
                                          [ tileset_72 ]
C:/Users/iwaza/AppData/Local/Temp/_gbsbuild/obj/tileset_73.rel
                                          [ tileset_73 ]
C:/Users/iwaza/AppData/Local/Temp/_gbsbuild/obj/tileset_74.rel
                                          [ tileset_74 ]
C:/Users/iwaza/AppData/Local/Temp/_gbsbuild/obj/tileset_75.rel
                                          [ tileset_75 ]
C:/Users/iwaza/AppData/Local/Temp/_gbsbuild/obj/tileset_76.rel
                                          [ tileset_76 ]
C:/Users/iwaza/AppData/Local/Temp/_gbsbuild/obj/tileset_77.rel
                                          [ tileset_77 ]
C:/Users/iwaza/AppData/Local/Temp/_gbsbuild/obj/tileset_78.rel
                                          [ tileset_78 ]
C:/Users/iwaza/AppData/Local/Temp/_gbsbuild/obj/tileset_79.rel
                                          [ tileset_79 ]
C:/Users/iwaza/AppData/Local/Temp/_gbsbuild/obj/tileset_8.rel
                                          [ tileset_8 ]
C:/Users/iwaza/AppData/Local/Temp/_gbsbuild/obj/tileset_80.rel
                                          [ tileset_80 ]
C:/Users/iwaza/AppData/Local/Temp/_gbsbuild/obj/tileset_81.rel
                                          [ tileset_81 ]
C:/Users/iwaza/AppData/Local/Temp/_gbsbuild/obj/tileset_82.rel
                                          [ tileset_82 ]
C:/Users/iwaza/AppData/Local/Temp/_gbsbuild/obj/tileset_83.rel
                                          [ tileset_83 ]
C:/Users/iwaza/AppData/Local/Temp/_gbsbuild/obj/tileset_84.rel
                                          [ tileset_84 ]
C:/Users/iwaza/AppData/Local/Temp/_gbsbuild/obj/tileset_85.rel
                                          [ tileset_85 ]
C:/Users/iwaza/AppData/Local/Temp/_gbsbuild/obj/tileset_86.rel
                                          [ tileset_86 ]
C:/Users/iwaza/AppData/Local/Temp/_gbsbuild/obj/tileset_87.rel
                                          [ tileset_87 ]
C:/Users/iwaza/AppData/Local/Temp/_gbsbuild/obj/tileset_88.rel
                                          [ tileset_88 ]
C:/Users/iwaza/AppData/Local/Temp/_gbsbuild/obj/tileset_89.rel
                                          [ tileset_89 ]
C:/Users/iwaza/AppData/Local/Temp/_gbsbuild/obj/tileset_9.rel
                                          [ tileset_9 ]
C:/Users/iwaza/AppData/Local/Temp/_gbsbuild/obj/tileset_90.rel
                                          [ tileset_90 ]
C:/Users/iwaza/AppData/Local/Temp/_gbsbuild/obj/tileset_91.rel
                                          [ tileset_91 ]
C:/Users/iwaza/AppData/Local/Temp/_gbsbuild/obj/tileset_92.rel
                                          [ tileset_92 ]
C:/Users/iwaza/AppData/Local/Temp/_gbsbuild/obj/tileset_93.rel
                                          [ tileset_93 ]
C:/Users/iwaza/AppData/Local/Temp/_gbsbuild/obj/tileset_94.rel
                                          [ tileset_94 ]
C:/Users/iwaza/AppData/Local/Temp/_gbsbuild/obj/tileset_95.rel
                                          [ tileset_95 ]
C:/Users/iwaza/AppData/Local/Temp/_gbsbuild/obj/main.rel
                                          [ main ]
C:/Users/iwaza/AppData/Local/Temp/_gbsbuild/obj/adventure.rel
                                          [ adventure ]
C:/Users/iwaza/AppData/Local/Temp/_gbsbuild/obj/logo.rel
                                          [ logo ]
C:/Users/iwaza/AppData/Local/Temp/_gbsbuild/obj/platform.rel
                                          [ platform ]
C:/Users/iwaza/AppData/Local/Temp/_gbsbuild/obj/pointnclick.rel
                                          [ pointnclick ]
C:/Users/iwaza/AppData/Local/Temp/_gbsbuild/obj/shmup.rel
                                          [ shmup ]
C:/Users/iwaza/AppData/Local/Temp/_gbsbuild/obj/states_ptrs.rel
                                          [  ]
C:/Users/iwaza/AppData/Local/Temp/_gbsbuild/obj/topdown.rel
                                          [ topdown ]


Libraries Linked                          [ object file ]

C:\Users\iwaza\AppData\Local\Temp/_gbstools/gbdk/lib/small/asxxxx/gb/gb.lib
                                          [ fill_rect_wi.o ]
C:\Users\iwaza\AppData\Local\Temp/_gbstools/gbdk/lib/small/asxxxx/gb/gb.lib
                                          [ sfr.o ]
lib/hUGEDriver.lib                        [ hUGEDriver.obj.o ]
C:\Users\iwaza\AppData\Local\Temp/_gbstools/gbdk/lib/small/asxxxx/gbz80/gbz80.lib
                                          [ rand.o ]
C:\Users\iwaza\AppData\Local\Temp/_gbstools/gbdk/lib/small/asxxxx/gbz80/gbz80.lib
                                          [ mul.o ]
C:\Users\iwaza\AppData\Local\Temp/_gbstools/gbdk/lib/small/asxxxx/gbz80/gbz80.lib
                                          [ abs.o ]
C:\Users\iwaza\AppData\Local\Temp/_gbstools/gbdk/lib/small/asxxxx/gb/gb.lib
                                          [ set_wi_t.o ]
C:\Users\iwaza\AppData\Local\Temp/_gbstools/gbdk/lib/small/asxxxx/gb/gb.lib
                                          [ set_data.o ]
C:\Users\iwaza\AppData\Local\Temp/_gbstools/gbdk/lib/small/asxxxx/gbz80/gbz80.lib
                                          [ reverse.o ]
C:\Users\iwaza\AppData\Local\Temp/_gbstools/gbdk/lib/small/asxxxx/gb/gb.lib
                                          [ far_ptr.o ]
C:\Users\iwaza\AppData\Local\Temp/_gbstools/gbdk/lib/small/asxxxx/gb/gb.lib
                                          [ sgb.o ]
C:\Users\iwaza\AppData\Local\Temp/_gbstools/gbdk/lib/small/asxxxx/gb/gb.lib
                                          [ lcd.o ]
C:\Users\iwaza\AppData\Local\Temp/_gbstools/gbdk/lib/small/asxxxx/gb/gb.lib
                                          [ fill_rect.o ]
C:\Users\iwaza\AppData\Local\Temp/_gbstools/gbdk/lib/small/asxxxx/gb/gb.lib
                                          [ cpy_data.o ]
C:\Users\iwaza\AppData\Local\Temp/_gbstools/gbdk/lib/small/asxxxx/gb/gb.lib
                                          [ fill_rect_bk.o ]
C:\Users\iwaza\AppData\Local\Temp/_gbstools/gbdk/lib/small/asxxxx/gb/gb.lib
                                          [ pad.o ]
C:\Users\iwaza\AppData\Local\Temp/_gbstools/gbdk/lib/small/asxxxx/gb/gb.lib
                                          [ metasprites.o ]
C:\Users\iwaza\AppData\Local\Temp/_gbstools/gbdk/lib/small/asxxxx/gbz80/gbz80.lib
                                          [ __sdcc_call_hl.o ]
C:\Users\iwaza\AppData\Local\Temp/_gbstools/gbdk/lib/small/asxxxx/gbz80/gbz80.lib
                                          [ _memcpy.o ]
C:\Users\iwaza\AppData\Local\Temp/_gbstools/gbdk/lib/small/asxxxx/gbz80/gbz80.lib
                                          [ _memset.o ]
C:\Users\iwaza\AppData\Local\Temp/_gbstools/gbdk/lib/small/asxxxx/gb/gb.lib
                                          [ ___sdcc_bcall_ehl.o ]
C:\Users\iwaza\AppData\Local\Temp/_gbstools/gbdk/lib/small/asxxxx/gbz80/gbz80.lib
                                          [ div.o ]
C:\Users\iwaza\AppData\Local\Temp/_gbstools/gbdk/lib/small/asxxxx/gb/gb.lib
                                          [ set_bk_t.o ]
C:\Users\iwaza\AppData\Local\Temp/_gbstools/gbdk/lib/small/asxxxx/gb/gb.lib
                                          [ set_xy_t.o ]

ASxxxx Linker V03.00 + NoICE + sdld,  page 150.

User Base Address Definitions

_DATA=0xc0a0
_CODE=0x0200
ASxxxx Linker V03.00 + NoICE + sdld,  page 151.

User Global Definitions

.STACK=0xDF00
_shadow_OAM=0xC000
.refresh_OAM=0xFF80
__start_save=60

