AREA .  .ABS.
	RADIX HEX
	BASE 0000
	SIZE 0000
	ATTRIB ABS OVR
	GLOBALS
		s__EMU_HEADER	0000
		s__HEADERf	0000
		l__CABS	0000
		l__DABS	0000
		l__HEAP	0000
		s__CABS	0000
		s__HEADER0	0000
		l__BSEG	0000
		s__DABS	0000
		s__HEADER1	0000
		l_.  .ABS.	0000
		s__HEADER2	0000
		s__HEADER3	0000
		s__SFR1a	0000
		l__GSFINAL	0000
		s__HEADER4	0000
		s__SFR2a	0000
		s__SFR1b	0000
		s__HEADER5	0000
		s__SFR2b	0000
		s__SFR1c	0000
		s__HEADER6	0000
		s__SFR2c	0000
		s__SFR1d	0000
		s__HEADER7	0000
		s__SFR2d	0000
		s__SFR1e	0000
		l__ISEG	0000
		l__HRAM	0000
		s__HEADER8	0000
		s_.  .ABS.	0000
		s__SFR2e	0000
		s__SFR1f	0000
		s__HEADER9	0000
		l__HEADER	0000
		s__SFR2f	0000
		s__CALLHL_HEADER0	0000
		s__HRAM	0000
		s__HEADER	0000
		s__SFR10	0000
		s__SFRa	0000
		s__SFR20	0000
		s__SFR11	0000
		s__SFRb	0000
		s__SFR30	0000
		s__SFR21	0000
		s__SFR12	0000
		s__SFRc	0000
		s__SFR31	0000
		s__SFR22	0000
		s__SFR13	0000
		s__SFRd	0000
		s__SFR32	0000
		s__SFR23	0000
		s__SFR14	0000
		s__SFRe	0000
		l__XSEG	0000
		l__CALLHL_HEADER	0000
		s__SFR33	0000
		s__SFR24	0000
		s__SFR15	0000
		s__SFRf	0000
		.init	0000
		s__SFR34	0000
		s__SFR25	0000
		s__SFR16	0000
		s__SFR35	0000
		s__SFR26	0000
		s__SFR17	0000
		s__SFR36	0000
		s__SFR27	0000
		s__SFR18	0000
		s__SFR28	0000
		s__SFR19	0000
		s__SFR29	0000
		s__CALLHL_HEADER	0000
		s__SFR0	0000
		l__OVERLAY	0000
		s__SFR1	0000
		s__SFR2	0000
		s__SFR3	0000
		s__EMU_HEADER0	0000
		s__SFR4	0000
		s__SFR5	0000
		s__SFR6	0000
		s__SFR7	0000
		l__LIT	0000
		s__SFR8	0000
		s__SFR9	0000
		l__SFR	0000
		l__EMU_HEADER	0000
		s__HEADER10	0000
		s__HEADERa	0000
		s__SFR	0000
		s__HEADER11	0000
		s__HEADERb	0000
		s__HRAM13	0000
		s__HEADER12	0000
		s__HEADERc	0000
		s__HEADERd	0000
		s__HEADERe	0000
		l__HEADER0	0001
		l__SFR1a	0001
		l__SFR2a	0001
		l__SFR1b	0001
		l__SFR2b	0001
		l__SFR1c	0001
		l__SFR2c	0001
		l__SFR1d	0001
		l__SFR2d	0001
		l__SFR1e	0001
		l__SFR2e	0001
		l__SFR1f	0001
		l__SFR2f	0001
		l__CALLHL_HEADER0	0001
		l__SFR10	0001
		l__SFRa	0001
		l__SFR20	0001
		l__SFR11	0001
		l__SFRb	0001
		l__SFR30	0001
		l__SFR21	0001
		l__SFR12	0001
		l__SFRc	0001
		l__SFR31	0001
		l__SFR22	0001
		l__SFR13	0001
		l__SFRd	0001
		l__SFR32	0001
		l__SFR23	0001
		l__SFR14	0001
		l__SFRe	0001
		l__SFR33	0001
		l__SFR24	0001
		l__SFR15	0001
		l__SFRf	0001
		l__SFR34	0001
		l__SFR25	0001
		l__SFR16	0001
		l__SFR35	0001
		l__SFR26	0001
		l__SFR17	0001
		l__SFR36	0001
		l__SFR27	0001
		l__SFR18	0001
		l__SFR28	0001
		l__SFR19	0001
		l__SFR29	0001
		l__GSINITTAIL	0001
		l__SFR0	0001
		l__SFR1	0001
		l__SFR2	0001
		l__SFR3	0001
		l__SFR4	0001
		l__SFR5	0001
		l__SFR6	0001
		l__SFR7	0001
		l__SFR8	0001
		l__SFR9	0001
		l__HEADERa	0001
		l__HEADERb	0001
		l__HRAM13	0001
		l__HEADER12	0001
		l__HEADERc	0001
		l__HEADERe	0001
		l__HEADERf	0001
		l__HEADER10	0002
		l__HEADERd	0002
		l__HEADER9	0003
		l__EMU_HEADER0	0003
		l__HEADER8	0006
		l__HEADER2	0008
		l__HEADER3	0008
		l__HEADER4	0008
		l__HEADER5	0008
		l__HEADER1	0010
		l__HEADER6	0025
		l__HEADER7	0034
		l__BSS	005A
		l__HEADER11	0083
		s__CODE	0200
		l__BASE	021E
		l__HOME	0252
		l__GSINIT	0507
		l__CODE_11	0A9A
		l__DATA	0E1E
		l__CODE_5	20EB
		l__CODE	2C12
		s__HOME	2E12
		s__BASE	3064
		s__LIT	3282
		s__GSINIT	3282
		l__CODE_4	34DF
		l__CODE_1	35B4
		s__GSINITTAIL	3789
		s__GSFINAL	378A
		l__CODE_8	3FE5
		l__CODE_6	3FF4
		l__CODE_7	3FFA
		l__CODE_10	3FFE
		l__CODE_9	3FFE
		s__CODE_10	4000
		s__CODE_11	4000
		s__CODE_1	4000
		s__CODE_4	4000
		s__CODE_5	4000
		s__CODE_6	4000
		s__CODE_7	4000
		s__CODE_8	4000
		s__CODE_9	4000
		s__BSEG	74DF
		s__ISEG	74DF
		s__XSEG	74DF
		s__OVERLAY	74DF
		.OAM	C000
		s__DATA	C0A0
		s__BSS	CEBE
		s__HEAP	CF18
		.STACK	E000
		.refresh_OAM	FF80
AREA _CODE
	RADIX HEX
	BASE 0200
	SIZE 2C12
	ATTRIB REL CON
	GLOBALS
		_UpdateActors	0200
		_ActorsInit	04AB
		_ActivateActor	04EA
		_DeactivateActor	04FE
		_DeactivateActiveActor	0512
		_ActorAtTile	05A8
		_ActorAt1x2Tile	05C8
		_ActorAt1x3Tile	05E8
		_ActorAt3x1Tile	0608
		_ActorOverlapsPlayer	0628
		_ActorInFrontOfActor	063F
		_CheckCollisionInDirection	0656
		_InitPlayer	067A
		_ActorRunScript	0688
		_ActorRunCollisionScripts	06C0
		_SetBankedBkgData	06CE
		_SetBankedSpriteData	06F1
		_ReadBankedUBYTE	0711
		_ReadBankedBankPtr	0727
		_MemcpyBanked	076A
		_PushBank	078D
		_PopBank	07AE
		_UpdateCamera	07DC
		_TileAt	0919
		_TileAt2x1	0974
		_TileAt2x2	09E0
		_SetScene	0A6C
		_vbl_update	0A7B
		_lcd_update	0AAC
		_core_start	0ADA
		_LoadTiles	0DC1
		_LoadImage	0E0D
		_LoadImageAttr	0EBE
		_LoadPalette	0EEE
		_LoadUIPalette	100A
		_LoadSpritePalette	1058
		_LoadPlayerSpritePalette	10A6
		_LoadSprite	10F4
		_LoadScene	1163
		_FadeInit	1943
		_fade_speeds	194C
		_FadeIn	1953
		_FadeOut	1961
		_FadeUpdate	196F
		_ApplyPaletteChange	197D
		_FadeSetSpeed	198B
		_IsFading	199C
		gbt_get_pattern_ptr_banked	19BE
		_gbt_play	19DD
		_gbt_pause	1A98
		_gbt_loop	1AA9
		_gbt_stop	1AB0
		_gbt_enable_channels	1ABB
		_gbt_update	1AC2
		_HandleInputScripts	1BC7
		_RemoveInputScripts	1C41
		_DespRight	1C7F
		_Lt16	1C94
		_Gt16	1CC1
		_SeedRand	1CEE
		_MusicPlay	1CFB
		_MusicStop	1D6B
		_MusicUpdate	1D7F
		_SoundPlayTone	1DB3
		_SoundStopTone	1DEA
		_SoundPlayBeep	1DEF
		_SoundPlayCrash	1E11
		_ProjectilesInit	1E30
		_WeaponAttack	1E3E
		_ProjectileLaunch	1E63
		_UpdateProjectiles	1EA5
		_ScriptRunnerInit	1EB3
		_ScriptStart	1EB6
		_ScriptStartBg	1EEF
		_ScriptRunnerUpdate	1FBB
		_ScriptTimerUpdate	212D
		_ScriptSaveCtx	213B
		_ScriptRestoreCtx	218B
		_ScriptCtxPoolNext	2214
		_ScriptCtxPoolReturn	2225
		_ScriptCtxPoolReset	2269
		_SetTile	22A7
		_WaitForMode0Or1	22BE
		_ScrollUpdateRowR	22C7
		_ScrollUpdateRowWithDelay	2355
		_ScrollUpdateRow	2445
		_ScrollUpdateColumnR	2594
		_ScrollUpdateColumnWithDelay	2631
		_RefreshScroll	271E
		_InitScroll	272C
		_RenderScreen	2747
		_SpritePoolReset	2810
		_SpritePoolReturn	281E
		_SpritePoolNext	2832
		_StackPush	2843
		_StackPop	2855
		_StackShift	286B
		_TriggerAtTile	28D4
		_TriggerRunScript	28F0
		_ActivateTriggerAt	290E
		_UIInit	295B
		_UIUpdate	2973
		_UIReset	2981
		_UIDrawFrame	298F
		_UIDrawDialogueFrame	29B0
		_UIShowText	29C4
		_UIShowAvatar	2A03
		_UIShowChoice	2B47
		_UIShowMenu	2B6F
		_UISetPos	2B99
		_UIMoveTo	2BB0
		_UIIsClosed	2BD7
		_UIOnInteract	2BED
		_UIAtDest	2BFB
		_UISetColor	2C15
		_main	2C2B
		_startFuncs	2C32
		_updateFuncs	2C3E
		_stateBanks	2C4A
		_rand	2C50
		_randw	2C50
		__divsuchar	2C7B
		__modsuchar	2C8A
		__divuschar	2C96
		__moduschar	2CA8
		__divschar	2CB8
		__modschar	2CC6
		__divsint	2CD2
		__modsint	2CE5
		__divuchar	2CF6
		__moduchar	2D04
		__divuint	2D10
		__moduint	2D23
		.mod8	2D34
		.div8	2D34
		.mod16	2D3C
		.div16	2D3C
		.modu8	2D72
		.divu8	2D72
		.modu16	2D75
		.divu16	2D75
		__mulsuchar	2DB6
		__muluschar	2DC0
		__mulschar	2DCA
		__muluchar	2DDD
		__mulint	2DEA
AREA _HEADER0
	RADIX HEX
	BASE 0000
	SIZE 0001
	ATTRIB ABS CON
AREA _HEADER1
	RADIX HEX
	BASE 0000
	SIZE 0010
	ATTRIB ABS CON
AREA _HEADER2
	RADIX HEX
	BASE 0000
	SIZE 0008
	ATTRIB ABS CON
AREA _HEADER3
	RADIX HEX
	BASE 0000
	SIZE 0008
	ATTRIB ABS CON
AREA _HEADER4
	RADIX HEX
	BASE 0000
	SIZE 0008
	ATTRIB ABS CON
AREA _HEADER5
	RADIX HEX
	BASE 0000
	SIZE 0008
	ATTRIB ABS CON
AREA _HEADER6
	RADIX HEX
	BASE 0000
	SIZE 0025
	ATTRIB ABS CON
AREA _HEADER7
	RADIX HEX
	BASE 0000
	SIZE 0034
	ATTRIB ABS CON
AREA _HEADER8
	RADIX HEX
	BASE 0000
	SIZE 0006
	ATTRIB ABS CON
AREA _HEADER9
	RADIX HEX
	BASE 0000
	SIZE 0003
	ATTRIB ABS CON
AREA _HEADERa
	RADIX HEX
	BASE 0000
	SIZE 0001
	ATTRIB ABS CON
AREA _HEADERb
	RADIX HEX
	BASE 0000
	SIZE 0001
	ATTRIB ABS CON
AREA _HEADERc
	RADIX HEX
	BASE 0000
	SIZE 0001
	ATTRIB ABS CON
AREA _HEADERd
	RADIX HEX
	BASE 0000
	SIZE 0002
	ATTRIB ABS CON
AREA _HEADERe
	RADIX HEX
	BASE 0000
	SIZE 0001
	ATTRIB ABS CON
AREA _HEADERf
	RADIX HEX
	BASE 0000
	SIZE 0001
	ATTRIB ABS CON
AREA _HEADER10
	RADIX HEX
	BASE 0000
	SIZE 0002
	ATTRIB ABS CON
AREA _HEADER11
	RADIX HEX
	BASE 0000
	SIZE 0083
	ATTRIB ABS CON
	GLOBALS
		_exit	01D0
AREA _HEADER12
	RADIX HEX
	BASE 0000
	SIZE 0001
	ATTRIB ABS CON
AREA _HOME
	RADIX HEX
	BASE 2E12
	SIZE 0252
	ATTRIB REL CON
	GLOBALS
		.set_mode	2E12
		.remove_VBL	2E22
		.remove_LCD	2E28
		.remove_TIM	2E2E
		.remove_SIO	2E34
		.remove_JOY	2E3A
		.add_VBL	2E40
		.add_LCD	2E46
		.add_TIM	2E4C
		.add_SIO	2E52
		.add_JOY	2E58
		.remove_int	2E5E
		.add_int	2E7D
		.wait_vbl_done	2E99
		_wait_vbl_done	2E99
		_display_off	2EB0
		.display_off	2EB0
		.serial_IO	2ED1
		_mode	2F00
		_get_mode	2F09
		_enable_interrupts	2F0E
		_disable_interrupts	2F10
		_reset	2F12
		.reset	2F12
		_set_interrupts	2F18
		_remove_VBL	2F23
		_remove_LCD	2F2E
		_remove_TIM	2F39
		_remove_SIO	2F44
		_remove_JOY	2F4F
		_add_VBL	2F5A
		_add_LCD	2F65
		_add_TIM	2F70
		_add_SIO	2F7B
		_add_JOY	2F86
		_clock	2F91
		__printTStates	2F9A
		banked_call	2F9B
		banked_ret	2FB2
		_BGB_profiler_message	2FBA
		_strcat	3002
		_strlen	3045
AREA _BASE
	RADIX HEX
	BASE 3064
	SIZE 021E
	ATTRIB REL CON
	GLOBALS
		.set_sprite_prop	3064
		_set_sprite_prop	3071
		_strcpy	307C
		_memcpy	308E
		_strcmp	30AE
		_initrand	30D2
		.initrand	30D4
		.mv_sprite	30DD
		_move_sprite	30EC
		_set_win_tiles	30F9
		_set_win_data	310D
		_set_bkg_data	310D
		_set_sprite_data	3115
		.padup	318B
		_waitpadup	318B
		.jpad	319B
		.wait_pad	31C8
		_joypad	31CF
		_waitpad	31D4
		.set_sprite_tile	31DE
		_set_sprite_tile	31EB
		.copy_vram	31F6
		_get_data	3205
		_set_data	3205
		.set_xy_wtt	3218
		.set_xy_btt	3229
		.set_xy_tt	3238
		_set_tiles	3269
AREA _LIT
	RADIX HEX
	BASE 3282
	SIZE 0000
	ATTRIB REL CON
AREA _GSINIT
	RADIX HEX
	BASE 3282
	SIZE 0507
	ATTRIB REL CON
	GLOBALS
		gsinit	3282
AREA _GSINITTAIL
	RADIX HEX
	BASE 3789
	SIZE 0001
	ATTRIB REL CON
AREA _GSFINAL
	RADIX HEX
	BASE 378A
	SIZE 0000
	ATTRIB REL CON
AREA _DATA
	RADIX HEX
	BASE C0A0
	SIZE 0E1E
	ATTRIB REL CON
	GLOBALS
		_actors_active_delete	C0A0
		_actors_active_delete_count	C0AB
		_actors	C0AC
		_actor_ptrs	C63E
		_actors_active	C67C
		_actors_active_size	C687
		_actor_move_settings	C688
		_map_next_pos	C689
		_map_next_dir	C68D
		_map_next_sprite	C68F
		_player_iframes	C691
		_bank_stack	C692
		_camera_pos	C69D
		_camera_dest	C6A1
		_camera_offset	C6A5
		_camera_speed	C6A7
		_camera_settings	C6A8
		_camera_deadzone	C6A9
		_game_time	C6AB
		_next_state	C6AC
		_delta_time	C6AE
		_current_state	C6AF
		_state_running	C6B1
		_vbl_count	C6B2
		_old_scroll_x	C6B3
		_old_scroll_y	C6B5
		_music_mute_frames	C6B7
		_bank_ptr	C6B8
		_image_bank	C6BB
		_image_attr_bank	C6BC
		_collision_bank	C6BD
		_image_ptr	C6BE
		_image_attr_ptr	C6C0
		_collision_ptr	C6C2
		_image_tile_width	C6C4
		_image_tile_height	C6C5
		_image_width	C6C6
		_image_height	C6C8
		_sprites_len	C6CA
		_actors_len	C6CB
		_scene_type	C6CC
		_scene_events_start_ptr	C6CD
		_fade_running	C6D2
		_fade_frames_per_step	C6D3
		_fade_black	C6D4
		_fade_timer	C6D5
		gbt_playing	C6D6
		gbt_song	C6D7
		gbt_bank	C6D9
		gbt_speed	C6DA
		gbt_temp_play_data	C6DB
		gbt_loop_enabled	C6E7
		gbt_ticks_elapsed	C6E8
		gbt_current_step	C6E9
		gbt_current_pattern	C6EA
		gbt_current_step_data_ptr	C6EB
		gbt_channels_enabled	C6ED
		gbt_pan	C6EE
		gbt_vol	C6F2
		gbt_instr	C6F6
		gbt_freq	C6FA
		gbt_channel3_loaded_instrument	C700
		gbt_arpeggio_freq_index	C701
		gbt_arpeggio_enabled	C70A
		gbt_arpeggio_tick	C70D
		gbt_sweep	C710
		gbt_cut_note_tick	C713
		gbt_have_to_stop_next_step	C717
		gbt_update_pattern_pointers	C718
		_joy	C719
		_last_joy	C71A
		_recent_joy	C71B
		_await_input	C71C
		_input_wait	C71D
		_input_script_ptrs	C71E
		_input_script_persist	C736
		_input_override_default	C737
		_current_index	C738
		_tone_frames	C739
		_palette_dirty	C73A
		_palette_update_mask	C73B
		_SprPalette	C73C
		_BkgPalette	C77C
		_SprPaletteBuffer	C7BC
		_BkgPaletteBuffer	C7FC
		_projectiles	C83C
		_current_projectile	C8AA
		_RAMPtr	C8AB
		_scene_stack_ptr	C8AD
		_scene_stack	C8AE
		_emote_timer	C8EE
		_shake_time	C8EF
		_should_shake_x	C8F0
		_should_shake_y	C8F1
		_after_lock_camera	C8F2
		_tmp_actor	C8F3
		_script_ctx_pool	C8F5
		_active_script_ctx	C901
		_script_main_ctx_actor	C919
		_script_cmd_args	C91A
		_script_cmd_args_len	C921
		_script_stack_ptr	C922
		_script_stack	C923
		_script_bank_stack	C933
		_script_start_stack	C93B
		_script_ctxs	C94B
		_active_script_ctx_index	CA6B
		_script_ctx_ptr	CA6C
		_timer_script_duration	CA6E
		_timer_script_time	CA6F
		_timer_script_ptr	CA70
		_ctx_cmd_remaining	CA73
		_scroll_x	CA74
		_scroll_y	CA76
		_draw_scroll_x	CA78
		_draw_scroll_y	CA7A
		_scroll_x_max	CA7C
		_scroll_y_max	CA7E
		_scroll_offset_x	CA80
		_scroll_offset_y	CA82
		_pending_h_x	CA84
		_pending_h_y	CA86
		_pending_h_i	CA88
		_pending_h_map	CA89
		_pending_w_map	CA8B
		_pending_w_x	CA8D
		_pending_w_y	CA8F
		_pending_w_i	CA91
		_scroll_target	CA92
		_sprite_active_pool	CA94
		_sprite_active_pool_size	CAA7
		_sprites_info	CAA8
		_sprite_pool	CAF3
		_hide_sprites	CB07
		_triggers	CB08
		_triggers_active	CBE1
		_triggers_active_size	CBEC
		_triggers_len	CBED
		_last_trigger_tx	CBEE
		_last_trigger_ty	CBEF
		_current_text_speed	CBF0
		_ui_block	CBF1
		_win_pos_x	CBF2
		_win_pos_y	CBF3
		_win_dest_pos_x	CBF4
		_win_dest_pos_y	CBF5
		_win_speed	CBF6
		_text_x	CBF7
		_text_y	CBF8
		_text_drawn	CBF9
		_text_count	CBFA
		_text_tile_count	CBFB
		_text_wait	CBFC
		_text_in_speed	CBFD
		_text_out_speed	CBFE
		_text_draw_speed	CBFF
		_text_ff_joypad	CC00
		_tmp_text_in_speed	CC01
		_tmp_text_out_speed	CC02
		_text_num_lines	CC03
		_avatar_enabled	CC04
		_menu_enabled	CC05
		_menu_index	CC06
		_menu_flag	CC07
		_menu_num_options	CC09
		_menu_cancel_on_last_option	CC0A
		_menu_cancel_on_b	CC0B
		_menu_layout	CC0C
		_text_lines	CC0D
		_tmp_text_lines	CC5D
		_start_scene_index	CCAD
		_start_scene_x	CCAF
		_start_scene_y	CCB1
		_start_scene_dir_x	CCB3
		_start_scene_dir_y	CCB4
		_start_player_sprite	CCB5
		_start_player_move_speed	CCB7
		_start_player_anim_speed	CCB8
		_start_fade_style	CCB9
		_script_variables	CCBA
		_grounded	CEB0
		_on_ladder	CEB1
		_pl_vel_x	CEB2
		_pl_vel_y	CEB4
		_pl_pos_x	CEB6
		_pl_pos_y	CEB8
		_last_hit_trigger	CEBA
		_shooter_horizontal	CEBB
		_shooter_direction	CEBC
		_shooter_reached_end	CEBD
AREA _BSS
	RADIX HEX
	BASE CEBE
	SIZE 005A
	ATTRIB REL CON
	GLOBALS
		__cpu	CEBE
		.mode	CEBF
		__io_out	CEC0
		__io_in	CEC1
		__io_status	CEC2
		.vbl_done	CEC3
		_sys_time	CEC4
		.sys_time	CEC4
		.int_0x40	CEC6
		.int_0x48	CED6
		.int_0x50	CEE6
		.int_0x58	CEF6
		.int_0x60	CF06
		.randhi	CF16
		.randlo	CF17
AREA _HEAP
	RADIX HEX
	BASE CF18
	SIZE 0000
	ATTRIB REL CON
	GLOBALS
		_malloc_heap_start	CF18
AREA _HRAM13
	RADIX HEX
	BASE 0000
	SIZE 0001
	ATTRIB ABS CON
	GLOBALS
		__current_bank	FF90
AREA _CODE_1
	RADIX HEX
	BASE 4000
	SIZE 35B4
	ATTRIB REL CON
	GLOBALS
		_ActivateActor_b	4000
		_DeactivateActor_b	40EE
		_ActorInFrontOfActor_b	418F
		_CheckCollisionInDirection_b	42B0
		_ActorAtTile_b	440D
		_ActorAt1x2Tile_b	44FD
		_ActorAt1x3Tile_b	45BA
		_ActorAt3x1Tile_b	4699
		_ActorOverlapsPlayer_b	477B
		_InitPlayer_b	48AE
		_ActorRunCollisionScripts_b	4981
		_ApplyPaletteChangeDMG	4A5C
		_FadeIn_b	4AB9
		_FadeOut_b	4AD5
		_FadeUpdate_b	4AF1
		_ApplyPaletteChange_b	4B34
		gbt_channel_1_handle	4C5B
		gbt_channel_2_handle	4E2D
		gbt_channel_3_handle	4FF7
		gbt_channel_4_handle	51C6
		gbt_update_bank1	52D7
		gbt_update_effects_bank1	52F3
		_ProjectilesInit_b	5310
		_WeaponAttack_b	534F
		_ProjectileLaunch_b	56F7
		_UpdateProjectiles_b	5986
		_RefreshScroll_b	6051
		_SpritePoolReset_b	6280
		_SpritePoolReturn_b	62CB
		_SpritePoolNext_b	6350
		_TriggerAtTile_b	636D
		_UIInit_b	6422
		_ui_frame_tl_tiles	647B
		_ui_frame_bl_tiles	647C
		_ui_frame_tr_tiles	647D
		_ui_frame_br_tiles	647E
		_ui_frame_t_tiles	647F
		_ui_frame_b_tiles	6480
		_ui_frame_l_tiles	6481
		_ui_frame_r_tiles	6482
		_ui_frame_bg_tiles	6483
		_ui_colors	6484
		_ui_white	6754
		_ui_black	6764
		_ui_cursor_tiles	6774
		_ui_bg_tiles	6775
		_win_tiles	6776
		_text_draw_speeds	68DE
		_UIReset_b	68E4
		_UIUpdate_b	68F1
		_UIDrawFrame_b	699C
		_UIDrawDialogueFrame_b	6B80
		_UISetColor_b	6B95
		_UIShowText_b	6C2E
		_UIDrawTextBufferChar_b	6FFA
		_UICloseDialogue_b	7242
		_UIOnInteract_b	728C
		_UIShowMenu_b	74FE
		_UIDrawMenuCursor_b	7552
AREA _CODE_4
	RADIX HEX
	BASE 4000
	SIZE 34DF
	ATTRIB REL CON
	GLOBALS
		_ScriptTimerUpdate_b	4000
		_emote_offsets	4040
		_script_cmds	4078
		_ScriptUpdate_MoveActor	41B9
		_ScriptUpdate_MoveActorDiag	44AB
		_ScriptUpdate_AwaitFade	4764
		_ScriptUpdate_AwaitUIClosed	4772
		_ScriptUpdate_AwaitUIAtDest	4775
		_ScriptUpdate_AwaitInputPres	4778
		_ScriptUpdate_Wait	4797
		_ScriptUpdate_Emote	47A6
		_ScriptUpdate_MoveCamera	487C
		_ScriptUpdate_CamShake	4983
		_Script_Noop_b	49D3
		_Script_End_b	49D4
		_Script_Text_b	49E0
		_Script_Goto_b	4A0E
		_Script_IfFlag_b	4A39
		_Script_IfValue_b	4A84
		_Script_SetFlag_b	4B4A
		_Script_ClearFlag_b	4B6D
		_Script_ActorSetDir_b	4B90
		_Script_ActorActivate_b	4C48
		_Script_CameraMoveTo_b	4C5D
		_Script_CameraLock_b	4CE6
		_ScriptHelper_ClampCamDest	4D52
		_Script_Wait_b	4EA5
		_Script_FadeOut_b	4EB5
		_Script_FadeIn_b	4ECA
		_Script_FadeSetSettings_b	4EDF
		_Script_LoadScene_b	4EE8
		_Script_ActorSetPos_b	4F8E
		_Script_ActorMoveTo_b	4FF0
		_ScriptHelper_CalcDest	50A1
		_Script_ShowSprites_b	53E9
		_Script_HideSprites_b	53F5
		_Script_ActorShow_b	5401
		_Script_ActorHide_b	542B
		_Script_ActorSetCollisions_b	5455
		_Script_ActorSetEmote_b	5478
		_Script_CameraShake_b	5514
		_Script_ShowOverlay_b	5534
		_Script_HideOverlay_b	5554
		_Script_OverlaySetPos_b	5561
		_Script_OverlayMoveTo_b	5578
		_Script_AwaitInput_b	559F
		_Script_MusicPlay_b	55B0
		_Script_MusicStop_b	55C7
		_Script_ResetVariables_b	55D0
		_Script_NextFrame_b	55ED
		_Script_IncFlag_b	55F3
		_Script_DecFlag_b	561B
		_Script_SetFlagValue_b	5644
		_Script_SetFlagProperty_b	5669
		_Script_IfInput_b	5775
		_Script_Choice_b	57A9
		_Script_TextMenu_b	57FA
		_Script_PlayerBounce_b	5868
		_Script_ActorSetSprite_b	5890
		_Script_PlayerSetSprite_b	5996
		_Script_ActorPush_b	5A24
		_Script_IfActorPos_b	5B8B
		_Script_SaveData_b	5C09
		_Script_LoadData_b	5D3C
		_Script_ClearData_b	5EA2
		_Script_IfSavedData_b	5EB9
		_Script_IfActorDirection_b	5F03
		_Script_IfActorRelActor_b	5F82
		_Script_SetFlagRandomValue_b	6179
		_Script_ActorGetPos_b	61C7
		_Script_ActorSetPosToVal_b	623F
		_Script_ActorMoveToVal_b	62F7
		_Script_ActorMoveRel_b	63DB
		_Script_ActorSetPosRel_b	65F4
		_Script_MathAdd_b	671D
		_Script_MathSub_b	6747
		_Script_MathMul_b	6778
		_Script_MathDiv_b	67AE
		_Script_MathMod_b	67E4
		_Script_MathAddVal_b	681A
		_Script_MathSubVal_b	6883
		_Script_MathMulVal_b	68C2
		_Script_MathDivVal_b	68F7
		_Script_MathModVal_b	692C
		_Script_CopyVal_b	6961
		_Script_IfValueCompare_b	6984
		_Script_LoadVectors_b	6A2E
		_Script_ActorSetMoveSpeed_b	6A6B
		_Script_ActorSetAnimSpeed_b	6A8C
		_Script_TextSetAnimSpeed_b	6AAF
		_Script_ActorInvoke_b	6ADA
		_Script_StackPush_b	6B1E
		_Script_StackPop_b	6BA6
		_Script_ScenePushState_b	6BEB
		_Script_ScenePopState_b	6D07
		_Script_SceneResetStack_b	6E03
		_Script_ScenePopAllState_b	6E09
		_Script_SetInputScript_b	6EF2
		_Script_RemoveInputScript_b	6F73
		_Script_ActorSetFrame_b	6FAE
		_Script_ActorSetFrameToVal_b	7030
		_Script_ActorSetFlip_b	70D0
		_Script_TextMulti_b	70D1
		_Script_VariableAddFlags_b	711E
		_Script_VariableClearFlags_b	7148
		_Script_SoundPlayTone_b	7173
		_Script_SoundStopTone_b	71A1
		_Script_SoundPlayBeep_b	71A4
		_Script_SoundPlayCrash_b	71AE
		_Script_SetTimerScript_b	71B1
		_Script_ResetTimer_b	71E7
		_Script_RemoveTimerScript_b	71F2
		_Script_TextWithAvatar_b	71F8
		_Script_LaunchProjectile_b	7234
		_Script_WeaponAttack_b	736B
		_Script_PalSetBackground_b	73BD
		_Script_PalSetSprite_b	73E9
		_Script_PalSetUI_b	740D
		_Script_ActorStopUpdate_b	7431
		_Script_ActorSetAnimate_b	7489
		_Script_IfColorSupported_b	74AC
AREA _OVERLAY
	RADIX HEX
	BASE 74DF
	SIZE 0000
	ATTRIB REL CON
AREA _ISEG
	RADIX HEX
	BASE 74DF
	SIZE 0000
	ATTRIB REL CON
AREA _BSEG
	RADIX HEX
	BASE 74DF
	SIZE 0000
	ATTRIB REL CON
AREA _XSEG
	RADIX HEX
	BASE 74DF
	SIZE 0000
	ATTRIB REL CON
AREA _CODE_10
	RADIX HEX
	BASE 4000
	SIZE 3FFE
	ATTRIB REL CON
	GLOBALS
		_bank_10_data	4000
AREA _CODE_11
	RADIX HEX
	BASE 4000
	SIZE 0A9A
	ATTRIB REL CON
	GLOBALS
		_bank_11_data	4000
AREA _CODE_6
	RADIX HEX
	BASE 4000
	SIZE 3FF4
	ATTRIB REL CON
	GLOBALS
		_bank_6_data	4000
AREA _CODE_7
	RADIX HEX
	BASE 4000
	SIZE 3FFA
	ATTRIB REL CON
	GLOBALS
		_bank_7_data	4000
AREA _CODE_8
	RADIX HEX
	BASE 4000
	SIZE 3FE5
	ATTRIB REL CON
	GLOBALS
		_bank_8_data	4000
AREA _CODE_9
	RADIX HEX
	BASE 4000
	SIZE 3FFE
	ATTRIB REL CON
	GLOBALS
		_bank_9_data	4000
AREA _CODE_5
	RADIX HEX
	BASE 4000
	SIZE 20EB
	ATTRIB REL CON
	GLOBALS
		_tileset_bank_ptrs	4000
		_background_bank_ptrs	4015
		_background_attr_bank_ptrs	403C
		_palette_bank_ptrs	4066
		_sprite_bank_ptrs	4069
		_scene_bank_ptrs	4099
		_collision_bank_ptrs	40C3
		_avatar_bank_ptrs	40ED
		_music_tracks	40F0
		_music_banks	40F4
		_Start_Adventure	40F6
		_Update_Adventure	410B
		_Start_Platform	470B
		_Update_Platform	47D7
		_Start_PointNClick	53B7
		_Update_PointNClick	53E0
		_Start_Shmup	569B
		_Update_Shmup	572B
		_Start_TopDown	5CCD
		_Update_TopDown	5CE2
AREA _SFR0
	RADIX HEX
	BASE 0000
	SIZE 0001
	ATTRIB ABS CON
	GLOBALS
		_P1_REG	FF00
AREA _SFR1
	RADIX HEX
	BASE 0000
	SIZE 0001
	ATTRIB ABS CON
	GLOBALS
		_SB_REG	FF01
AREA _SFR2
	RADIX HEX
	BASE 0000
	SIZE 0001
	ATTRIB ABS CON
	GLOBALS
		_SC_REG	FF02
AREA _SFR3
	RADIX HEX
	BASE 0000
	SIZE 0001
	ATTRIB ABS CON
	GLOBALS
		_DIV_REG	FF04
AREA _SFR4
	RADIX HEX
	BASE 0000
	SIZE 0001
	ATTRIB ABS CON
	GLOBALS
		_TIMA_REG	FF05
AREA _SFR5
	RADIX HEX
	BASE 0000
	SIZE 0001
	ATTRIB ABS CON
	GLOBALS
		_TMA_REG	FF06
AREA _SFR6
	RADIX HEX
	BASE 0000
	SIZE 0001
	ATTRIB ABS CON
	GLOBALS
		_TAC_REG	FF07
AREA _SFR7
	RADIX HEX
	BASE 0000
	SIZE 0001
	ATTRIB ABS CON
	GLOBALS
		_IF_REG	FF0F
AREA _SFR8
	RADIX HEX
	BASE 0000
	SIZE 0001
	ATTRIB ABS CON
	GLOBALS
		_NR10_REG	FF10
AREA _SFR9
	RADIX HEX
	BASE 0000
	SIZE 0001
	ATTRIB ABS CON
	GLOBALS
		_NR11_REG	FF11
AREA _SFRa
	RADIX HEX
	BASE 0000
	SIZE 0001
	ATTRIB ABS CON
	GLOBALS
		_NR12_REG	FF12
AREA _SFRb
	RADIX HEX
	BASE 0000
	SIZE 0001
	ATTRIB ABS CON
	GLOBALS
		_NR13_REG	FF13
AREA _SFRc
	RADIX HEX
	BASE 0000
	SIZE 0001
	ATTRIB ABS CON
	GLOBALS
		_NR14_REG	FF14
AREA _SFRd
	RADIX HEX
	BASE 0000
	SIZE 0001
	ATTRIB ABS CON
	GLOBALS
		_NR21_REG	FF16
AREA _SFRe
	RADIX HEX
	BASE 0000
	SIZE 0001
	ATTRIB ABS CON
	GLOBALS
		_NR22_REG	FF17
AREA _SFRf
	RADIX HEX
	BASE 0000
	SIZE 0001
	ATTRIB ABS CON
	GLOBALS
		_NR23_REG	FF18
AREA _SFR10
	RADIX HEX
	BASE 0000
	SIZE 0001
	ATTRIB ABS CON
	GLOBALS
		_NR24_REG	FF19
AREA _SFR11
	RADIX HEX
	BASE 0000
	SIZE 0001
	ATTRIB ABS CON
	GLOBALS
		_NR30_REG	FF1A
AREA _SFR12
	RADIX HEX
	BASE 0000
	SIZE 0001
	ATTRIB ABS CON
	GLOBALS
		_NR31_REG	FF1B
AREA _SFR13
	RADIX HEX
	BASE 0000
	SIZE 0001
	ATTRIB ABS CON
	GLOBALS
		_NR32_REG	FF1C
AREA _SFR14
	RADIX HEX
	BASE 0000
	SIZE 0001
	ATTRIB ABS CON
	GLOBALS
		_NR33_REG	FF1D
AREA _SFR15
	RADIX HEX
	BASE 0000
	SIZE 0001
	ATTRIB ABS CON
	GLOBALS
		_NR34_REG	FF1E
AREA _SFR16
	RADIX HEX
	BASE 0000
	SIZE 0001
	ATTRIB ABS CON
	GLOBALS
		_NR41_REG	FF20
AREA _SFR17
	RADIX HEX
	BASE 0000
	SIZE 0001
	ATTRIB ABS CON
	GLOBALS
		_NR42_REG	FF21
AREA _SFR18
	RADIX HEX
	BASE 0000
	SIZE 0001
	ATTRIB ABS CON
	GLOBALS
		_NR43_REG	FF22
AREA _SFR19
	RADIX HEX
	BASE 0000
	SIZE 0001
	ATTRIB ABS CON
	GLOBALS
		_NR44_REG	FF23
AREA _SFR1a
	RADIX HEX
	BASE 0000
	SIZE 0001
	ATTRIB ABS CON
	GLOBALS
		_NR50_REG	FF24
AREA _SFR1b
	RADIX HEX
	BASE 0000
	SIZE 0001
	ATTRIB ABS CON
	GLOBALS
		_NR51_REG	FF25
AREA _SFR1c
	RADIX HEX
	BASE 0000
	SIZE 0001
	ATTRIB ABS CON
	GLOBALS
		_NR52_REG	FF26
AREA _SFR1d
	RADIX HEX
	BASE 0000
	SIZE 0001
	ATTRIB ABS CON
	GLOBALS
		_LCDC_REG	FF40
AREA _SFR1e
	RADIX HEX
	BASE 0000
	SIZE 0001
	ATTRIB ABS CON
	GLOBALS
		_STAT_REG	FF41
AREA _SFR1f
	RADIX HEX
	BASE 0000
	SIZE 0001
	ATTRIB ABS CON
	GLOBALS
		_SCY_REG	FF42
AREA _SFR20
	RADIX HEX
	BASE 0000
	SIZE 0001
	ATTRIB ABS CON
	GLOBALS
		_SCX_REG	FF43
AREA _SFR21
	RADIX HEX
	BASE 0000
	SIZE 0001
	ATTRIB ABS CON
	GLOBALS
		_LY_REG	FF44
AREA _SFR22
	RADIX HEX
	BASE 0000
	SIZE 0001
	ATTRIB ABS CON
	GLOBALS
		_LYC_REG	FF45
AREA _SFR23
	RADIX HEX
	BASE 0000
	SIZE 0001
	ATTRIB ABS CON
	GLOBALS
		_DMA_REG	FF46
AREA _SFR24
	RADIX HEX
	BASE 0000
	SIZE 0001
	ATTRIB ABS CON
	GLOBALS
		_BGP_REG	FF47
AREA _SFR25
	RADIX HEX
	BASE 0000
	SIZE 0001
	ATTRIB ABS CON
	GLOBALS
		_OBP0_REG	FF48
AREA _SFR26
	RADIX HEX
	BASE 0000
	SIZE 0001
	ATTRIB ABS CON
	GLOBALS
		_OBP1_REG	FF49
AREA _SFR27
	RADIX HEX
	BASE 0000
	SIZE 0001
	ATTRIB ABS CON
	GLOBALS
		_WY_REG	FF4A
AREA _SFR28
	RADIX HEX
	BASE 0000
	SIZE 0001
	ATTRIB ABS CON
	GLOBALS
		_WX_REG	FF4B
AREA _SFR29
	RADIX HEX
	BASE 0000
	SIZE 0001
	ATTRIB ABS CON
	GLOBALS
		_KEY1_REG	FF4D
AREA _SFR2a
	RADIX HEX
	BASE 0000
	SIZE 0001
	ATTRIB ABS CON
	GLOBALS
		_VBK_REG	FF4F
AREA _SFR2b
	RADIX HEX
	BASE 0000
	SIZE 0001
	ATTRIB ABS CON
	GLOBALS
		_HDMA1_REG	FF51
AREA _SFR2c
	RADIX HEX
	BASE 0000
	SIZE 0001
	ATTRIB ABS CON
	GLOBALS
		_HDMA2_REG	FF52
AREA _SFR2d
	RADIX HEX
	BASE 0000
	SIZE 0001
	ATTRIB ABS CON
	GLOBALS
		_HDMA3_REG	FF53
AREA _SFR2e
	RADIX HEX
	BASE 0000
	SIZE 0001
	ATTRIB ABS CON
	GLOBALS
		_HDMA4_REG	FF54
AREA _SFR2f
	RADIX HEX
	BASE 0000
	SIZE 0001
	ATTRIB ABS CON
	GLOBALS
		_HDMA5_REG	FF55
AREA _SFR30
	RADIX HEX
	BASE 0000
	SIZE 0001
	ATTRIB ABS CON
	GLOBALS
		_RP_REG	FF56
AREA _SFR31
	RADIX HEX
	BASE 0000
	SIZE 0001
	ATTRIB ABS CON
	GLOBALS
		_BCPS_REG	FF68
AREA _SFR32
	RADIX HEX
	BASE 0000
	SIZE 0001
	ATTRIB ABS CON
	GLOBALS
		_BCPD_REG	FF69
AREA _SFR33
	RADIX HEX
	BASE 0000
	SIZE 0001
	ATTRIB ABS CON
	GLOBALS
		_OCPS_REG	FF6A
AREA _SFR34
	RADIX HEX
	BASE 0000
	SIZE 0001
	ATTRIB ABS CON
	GLOBALS
		_OCPD_REG	FF6B
AREA _SFR35
	RADIX HEX
	BASE 0000
	SIZE 0001
	ATTRIB ABS CON
	GLOBALS
		_SVBK_REG	FF70
AREA _SFR36
	RADIX HEX
	BASE 0000
	SIZE 0001
	ATTRIB ABS CON
	GLOBALS
		_IE_REG	FFFF
AREA _EMU_HEADER0
	RADIX HEX
	BASE 0000
	SIZE 0003
	ATTRIB ABS CON
AREA _CALLHL_HEADER0
	RADIX HEX
	BASE 0000
	SIZE 0001
	ATTRIB ABS CON
	GLOBALS
		___sdcc_call_hl	0020
AREA .  .ABS.
	RADIX HEX
	BASE 0000
	SIZE 0000
	ATTRIB ABS OVR
	GLOBALS
		.__.ABS.	0000
MODULES
	FILE C:\Users\Page\Documents\GB\/_gbstools/gbdk/lib/small/asxxxx/gb/crt0.o
		NAME Runtime
	FILE C:/Users/Page/Documents/GB/_gbsbuild/obj/Actor_a.o
	FILE C:/Users/Page/Documents/GB/_gbsbuild/obj/Actor_b.o
		NAME C__Users_Page_Documents_GB_lcc166û—ü6û—ü?òùô­Xl_Š›M_•X4_•X4_?òƒ}Œ«
	FILE C:/Users/Page/Documents/GB/_gbsbuild/obj/Actor.o
		NAME C__Users_Page_Documents_GB_lcc156ş—ü6ş—ü?÷ùô­]l_}©M_•]4_•]4_?÷ƒİŒ
	FILE C:/Users/Page/Documents/GB/_gbsbuild/obj/asm.macros.o
	FILE C:/Users/Page/Documents/GB/_gbsbuild/obj/BankData.o
		NAME C__Users_Page_Documents_GB_lcc96“·ü“·ü‡šÙô0L_agm_-0_-0_‡š®ƒrOn*
	FILE C:/Users/Page/Documents/GB/_gbsbuild/obj/BankManager.o
		NAME C__Users_Page_Documents_GB_lcc73n—·ün—·ügÙôõ4L_†şm_Í4_Í4_g®ƒöË5
	FILE C:/Users/Page/Documents/GB/_gbsbuild/obj/Camera_a.o
	FILE C:/Users/Page/Documents/GB/_gbsbuild/obj/Camera.o
		NAME C__Users_Page_Documents_GB_lcc12®’·ü®’·ü§›Ùô51L_t¼m_1_1_§›®ƒN“'
	FILE C:/Users/Page/Documents/GB/_gbsbuild/obj/Collision.o
		NAME C__Users_Page_Documents_GB_lcc17Š·üŠ·üƒÙô•)L_{m_­)_­)_ƒ®ƒb‚¿>
	FILE C:/Users/Page/Documents/GB/_gbsbuild/obj/Core_Main.o
		NAME C__Users_Page_Documents_GB_lcc84îœ·üîœ·üç•Ùôu?L_‚ m_M?_M?_ç•®ƒ†€Û!
	FILE C:/Users/Page/Documents/GB/_gbsbuild/obj/DataManager.o
		NAME C__Users_Page_Documents_GB_lcc20®‹·ü®‹·ü§‚Ùô5(L_)Ãm_(_(_§‚®ƒn‚³?
	FILE C:/Users/Page/Documents/GB/_gbsbuild/obj/FadeManager_b.o
		NAME C__Users_Page_Documents_GB_lcc11N‘·üN‘·üG˜ÙôÕ2L_Bm_í2_í2_G˜®ƒ:0
	FILE C:/Users/Page/Documents/GB/_gbsbuild/obj/FadeManager.o
		NAME C__Users_Page_Documents_GB_lcc19œ·üœ·ü‡•Ùô?L_Ãqm_-?_-?_‡•®ƒ’€ï"
	FILE C:/Users/Page/Documents/GB/_gbsbuild/obj/gbt_player_bank1.o
	FILE C:/Users/Page/Documents/GB/_gbsbuild/obj/gbt_player.o
	FILE C:/Users/Page/Documents/GB/_gbsbuild/obj/Input.o
		NAME C__Users_Page_Documents_GB_lcc21î–·üî–·üçŸÙôu5L_ñm_M5_M5_çŸ®ƒÆ1
	FILE C:/Users/Page/Documents/GB/_gbsbuild/obj/Math.o
		NAME C__Users_Page_Documents_GB_lcc10®”·ü®”·ü§Ùô57L_G}m_7_7_§®ƒÓ7
	FILE C:/Users/Page/Documents/GB/_gbsbuild/obj/MusicManager.o
		NAME C__Users_Page_Documents_GB_lcc82•·ü•·ü‡œÙô6L_«m_-6_-6_‡œ®ƒ²:
	FILE C:/Users/Page/Documents/GB/_gbsbuild/obj/Palette.o
		NAME C__Users_Page_Documents_GB_lcc10ÎŠ·üÎŠ·üÇƒÙôU)L_<ım_m)_m)_Çƒ®ƒJ‚—<
	FILE C:/Users/Page/Documents/GB/_gbsbuild/obj/Projectiles_b.o
		NAME C__Users_Page_Documents_GB_lcc13ÎŒ·üÎŒ·üÇ…ÙôU/L_)èm_m/_m/_Ç…®ƒŠ‚×L
	FILE C:/Users/Page/Documents/GB/_gbsbuild/obj/Projectiles.o
		NAME C__Users_Page_Documents_GB_lcc44nƒ·ünƒ·ügŠÙôõ L_úHm_Í _Í _gŠ®ƒvƒKmU
	FILE C:/Users/Page/Documents/GB/_gbsbuild/obj/ScriptRunner_b.o
		NAME C__Users_Page_Documents_GB_lcc21ƒ·üƒ·üŠÙô• L_Eëm_­ _­ _Š®ƒƒ_V
	FILE C:/Users/Page/Documents/GB/_gbsbuild/obj/ScriptRunner.o
		NAME C__Users_Page_Documents_GB_lcc51n¸·ün¸·üg±ÙôõL_Ñ}m_Í_Í_g±®ƒ„km
	FILE C:/Users/Page/Documents/GB/_gbsbuild/obj/Scroll_a.o
	FILE C:/Users/Page/Documents/GB/_gbsbuild/obj/Scroll_b.o
		NAME C__Users_Page_Documents_GB_lcc14n…·ün…·ügŒÙôõ&L_Íšm_Í&_Í&_gŒ®ƒ¶ƒ‹e
	FILE C:/Users/Page/Documents/GB/_gbsbuild/obj/Scroll.o
		NAME C__Users_Page_Documents_GB_lcc18N¼·üN¼·üGµÙôÕL_Úm_í_í_Gµ®ƒš„çx
	FILE C:/Users/Page/Documents/GB/_gbsbuild/obj/Sprite_b.o
		NAME C__Users_Page_Documents_GB_lcc11»·ü»·ü‡²ÙôL_ûSm_-_-_‡²®ƒr„Oj
	FILE C:/Users/Page/Documents/GB/_gbsbuild/obj/Sprite.o
		NAME C__Users_Page_Documents_GB_lcc20.¾·ü.¾·ü'·ÙôµL_ÎÇm___'·®ƒŞ„#s
	FILE C:/Users/Page/Documents/GB/_gbsbuild/obj/Stack.o
		NAME C__Users_Page_Documents_GB_lcc13¸·ü¸·ü±Ùô•L_<Ém_­_­_±®ƒ"„n
	FILE C:/Users/Page/Documents/GB/_gbsbuild/obj/Trigger_b.o
		NAME C__Users_Page_Documents_GB_lcc80®º·ü®º·ü§³Ùô5L_œpm___§³®ƒN„“g
	FILE C:/Users/Page/Documents/GB/_gbsbuild/obj/Trigger.o
		NAME C__Users_Page_Documents_GB_lcc13®¹·ü®¹·ü§°Ùô5L_ñëm___§°®ƒ.„so
	FILE C:/Users/Page/Documents/GB/_gbsbuild/obj/UI_b.o
		NAME C__Users_Page_Documents_GB_lcc20Î¿·üÎ¿·üÇ¶ÙôUL_¶Em_m_m_Ç¶®ƒê„7t
	FILE C:/Users/Page/Documents/GB/_gbsbuild/obj/UI.o
		NAME C__Users_Page_Documents_GB_lcc96¿·ü¿·ü¶Ùô•L__Nm_­_­_¶®ƒ‚„ßîv
	FILE C:/Users/Page/Documents/GB/_gbsbuild/obj/bank_10.o
		NAME bank_10
	FILE C:/Users/Page/Documents/GB/_gbsbuild/obj/bank_11.o
		NAME bank_11
	FILE C:/Users/Page/Documents/GB/_gbsbuild/obj/bank_6.o
		NAME bank_6
	FILE C:/Users/Page/Documents/GB/_gbsbuild/obj/bank_7.o
		NAME bank_7
	FILE C:/Users/Page/Documents/GB/_gbsbuild/obj/bank_8.o
		NAME bank_8
	FILE C:/Users/Page/Documents/GB/_gbsbuild/obj/bank_9.o
		NAME bank_9
	FILE C:/Users/Page/Documents/GB/_gbsbuild/obj/data_ptrs.o
		NAME C__Users_Page_Documents_GB_lcc21.©·ü.©·ü' Ùôµ
L_+Xm_
_
_' ®ƒ>†›
	FILE C:/Users/Page/Documents/GB/_gbsbuild/obj/main.o
		NAME C__Users_Page_Documents_GB_lcc86®·ü®·ü§Ùô•L_qPm_­_­_§®ƒâ†?
	FILE C:/Users/Page/Documents/GB/_gbsbuild/obj/Adventure.o
		NAME C__Users_Page_Documents_GB_lcc17î··üî··üç¾ÙôuL_¢m_M_M_ç¾®ƒæ…;Î‰
	FILE C:/Users/Page/Documents/GB/_gbsbuild/obj/Platform.o
		NAME C__Users_Page_Documents_GB_lcc20n´·ün´·üg½ÙôõL_8m_Í_Í_g½®ƒ–…ë
	FILE C:/Users/Page/Documents/GB/_gbsbuild/obj/PointNClick.o
		NAME C__Users_Page_Documents_GB_lcc21N¨·üN¨·üG¡ÙôÕL_BQm_í_í_G¡®ƒ†g˜
	FILE C:/Users/Page/Documents/GB/_gbsbuild/obj/Shmup.o
		NAME C__Users_Page_Documents_GB_lcc16î©·üî©·üç Ùôu
L_Àm_M
_M
_ç ®ƒ&†{™
	FILE C:/Users/Page/Documents/GB/_gbsbuild/obj/TopDown.o
		NAME C__Users_Page_Documents_GB_lcc84©·ü©·ü‡ Ùô
L_Å®m_-
_-
_‡ ®ƒ2†š
LIBRARIES
	LIBRARY C:\Users\Page\Documents\GB\/_gbstools/gbdk/lib/small/asxxxx/gb/gb.lib
		MODULE sfr.o
	LIBRARY C:\Users\Page\Documents\GB\/_gbstools/gbdk/lib/small/asxxxx/gb/gb.lib
		MODULE set_prop.o
	LIBRARY C:\Users\Page\Documents\GB\/_gbstools/gbdk/lib/small/asxxxx/gbz80/gbz80.lib
		MODULE asm_string.o
	LIBRARY C:\Users\Page\Documents\GB\/_gbstools/gbdk/lib/small/asxxxx/gb/gb.lib
		MODULE rand.o
	LIBRARY C:\Users\Page\Documents\GB\/_gbstools/gbdk/lib/small/asxxxx/gb/gb.lib
		MODULE mv_spr.o
	LIBRARY C:\Users\Page\Documents\GB\/_gbstools/gbdk/lib/small/asxxxx/gb/gb.lib
		MODULE bgb_emu.o
	LIBRARY C:\Users\Page\Documents\GB\/_gbstools/gbdk/lib/small/asxxxx/gbz80/gbz80.lib
		MODULE div.o
	LIBRARY C:\Users\Page\Documents\GB\/_gbstools/gbdk/lib/small/asxxxx/gbz80/gbz80.lib
		MODULE mul.o
	LIBRARY C:\Users\Page\Documents\GB\/_gbstools/gbdk/lib/small/asxxxx/gb/gb.lib
		MODULE set_wi_t.o
	LIBRARY C:\Users\Page\Documents\GB\/_gbstools/gbdk/lib/small/asxxxx/gb/gb.lib
		MODULE set_data.o
	LIBRARY C:\Users\Page\Documents\GB\/_gbstools/gbdk/lib/small/asxxxx/gb/gb.lib
		MODULE pad.o
	LIBRARY C:\Users\Page\Documents\GB\/_gbstools/gbdk/lib/small/asxxxx/gbz80/gbz80.lib
		MODULE __sdcc_call_hl.o
	LIBRARY C:\Users\Page\Documents\GB\/_gbstools/gbdk/lib/small/asxxxx/gb/gb.lib
		MODULE set_spr.o
	LIBRARY C:\Users\Page\Documents\GB\/_gbstools/gbdk/lib/small/asxxxx/gbz80/gbz80.lib
		MODULE strcat.o
	LIBRARY C:\Users\Page\Documents\GB\/_gbstools/gbdk/lib/small/asxxxx/gbz80/gbz80.lib
		MODULE strlen.o
	LIBRARY C:\Users\Page\Documents\GB\/_gbstools/gbdk/lib/small/asxxxx/gb/gb.lib
		MODULE cpy_data.o
	LIBRARY C:\Users\Page\Documents\GB\/_gbstools/gbdk/lib/small/asxxxx/gb/gb.lib
		MODULE set_xy_t.o
USERBASEDEF
	_CODE=0x0200
	_DATA=0xC0A0
	_CODE_1=0x4000
	_CODE_2=0x4000
	_CODE_3=0x4000
	_CODE_4=0x4000
	_CODE_5=0x4000
	_CODE_6=0x4000
	_CODE_7=0x4000
	_CODE_8=0x4000
	_CODE_9=0x4000
	_CODE_10=0x4000
	_CODE_11=0x4000
	_CODE_12=0x4000
	_CODE_13=0x4000
	_CODE_14=0x4000
	_CODE_15=0x4000
	_DATA_0=0xA000
	_DATA_1=0xA000
	_DATA_2=0xA000
	_DATA_3=0xA000
USERGLOBALDEF
	.OAM=0xC000
	.STACK=0xE000
	.refresh_OAM=0xFF80
	.init=0x0000
